Archive member included to satisfy reference by file (symbol)

c:/software/altera/15.1/nios2eds/bin/gnu/h-x86_64-mingw32/bin/../lib/gcc/nios2-elf/4.9.2\libgcc.a(lib2-divmod.o)
                              obj/default/hello_world.o (__divsi3)
c:/software/altera/15.1/nios2eds/bin/gnu/h-x86_64-mingw32/bin/../lib/gcc/nios2-elf/4.9.2/../../../../../H-x86_64-mingw32/nios2-elf/lib\libc.a(lib_a-getc.o)
                              obj/default/uart_nios2.o (getc)
c:/software/altera/15.1/nios2eds/bin/gnu/h-x86_64-mingw32/bin/../lib/gcc/nios2-elf/4.9.2/../../../../../H-x86_64-mingw32/nios2-elf/lib\libc.a(lib_a-impure.o)
                              obj/default/uart_nios2.o (_impure_ptr)
c:/software/altera/15.1/nios2eds/bin/gnu/h-x86_64-mingw32/bin/../lib/gcc/nios2-elf/4.9.2/../../../../../H-x86_64-mingw32/nios2-elf/lib\libc.a(lib_a-memcpy.o)
                              obj/default/hello_world.o (memcpy)
c:/software/altera/15.1/nios2eds/bin/gnu/h-x86_64-mingw32/bin/../lib/gcc/nios2-elf/4.9.2/../../../../../H-x86_64-mingw32/nios2-elf/lib\libc.a(lib_a-memset.o)
                              obj/default/hello_world.o (memset)
c:/software/altera/15.1/nios2eds/bin/gnu/h-x86_64-mingw32/bin/../lib/gcc/nios2-elf/4.9.2/../../../../../H-x86_64-mingw32/nios2-elf/lib\libc.a(lib_a-putchar.o)
                              obj/default/uart_nios2.o (putchar)
c:/software/altera/15.1/nios2eds/bin/gnu/h-x86_64-mingw32/bin/../lib/gcc/nios2-elf/4.9.2/../../../../../H-x86_64-mingw32/nios2-elf/lib\libc.a(lib_a-rget.o)
                              c:/software/altera/15.1/nios2eds/bin/gnu/h-x86_64-mingw32/bin/../lib/gcc/nios2-elf/4.9.2/../../../../../H-x86_64-mingw32/nios2-elf/lib\libc.a(lib_a-getc.o) (__srget_r)
c:/software/altera/15.1/nios2eds/bin/gnu/h-x86_64-mingw32/bin/../lib/gcc/nios2-elf/4.9.2/../../../../../H-x86_64-mingw32/nios2-elf/lib\libc.a(lib_a-strcpy.o)
                              obj/default/hello_world.o (strcpy)
c:/software/altera/15.1/nios2eds/bin/gnu/h-x86_64-mingw32/bin/../lib/gcc/nios2-elf/4.9.2/../../../../../H-x86_64-mingw32/nios2-elf/lib\libc.a(lib_a-strlen.o)
                              obj/default/hello_world.o (strlen)
c:/software/altera/15.1/nios2eds/bin/gnu/h-x86_64-mingw32/bin/../lib/gcc/nios2-elf/4.9.2/../../../../../H-x86_64-mingw32/nios2-elf/lib\libc.a(lib_a-findfp.o)
                              c:/software/altera/15.1/nios2eds/bin/gnu/h-x86_64-mingw32/bin/../lib/gcc/nios2-elf/4.9.2/../../../../../H-x86_64-mingw32/nios2-elf/lib\libc.a(lib_a-getc.o) (__sinit)
c:/software/altera/15.1/nios2eds/bin/gnu/h-x86_64-mingw32/bin/../lib/gcc/nios2-elf/4.9.2/../../../../../H-x86_64-mingw32/nios2-elf/lib\libc.a(lib_a-fwalk.o)
                              c:/software/altera/15.1/nios2eds/bin/gnu/h-x86_64-mingw32/bin/../lib/gcc/nios2-elf/4.9.2/../../../../../H-x86_64-mingw32/nios2-elf/lib\libc.a(lib_a-findfp.o) (_fwalk)
c:/software/altera/15.1/nios2eds/bin/gnu/h-x86_64-mingw32/bin/../lib/gcc/nios2-elf/4.9.2/../../../../../H-x86_64-mingw32/nios2-elf/lib\libc.a(lib_a-mallocr.o)
                              c:/software/altera/15.1/nios2eds/bin/gnu/h-x86_64-mingw32/bin/../lib/gcc/nios2-elf/4.9.2/../../../../../H-x86_64-mingw32/nios2-elf/lib\libc.a(lib_a-findfp.o) (_malloc_r)
c:/software/altera/15.1/nios2eds/bin/gnu/h-x86_64-mingw32/bin/../lib/gcc/nios2-elf/4.9.2/../../../../../H-x86_64-mingw32/nios2-elf/lib\libc.a(lib_a-putc.o)
                              c:/software/altera/15.1/nios2eds/bin/gnu/h-x86_64-mingw32/bin/../lib/gcc/nios2-elf/4.9.2/../../../../../H-x86_64-mingw32/nios2-elf/lib\libc.a(lib_a-putchar.o) (_putc_r)
c:/software/altera/15.1/nios2eds/bin/gnu/h-x86_64-mingw32/bin/../lib/gcc/nios2-elf/4.9.2/../../../../../H-x86_64-mingw32/nios2-elf/lib\libc.a(lib_a-refill.o)
                              c:/software/altera/15.1/nios2eds/bin/gnu/h-x86_64-mingw32/bin/../lib/gcc/nios2-elf/4.9.2/../../../../../H-x86_64-mingw32/nios2-elf/lib\libc.a(lib_a-rget.o) (__srefill_r)
c:/software/altera/15.1/nios2eds/bin/gnu/h-x86_64-mingw32/bin/../lib/gcc/nios2-elf/4.9.2/../../../../../H-x86_64-mingw32/nios2-elf/lib\libc.a(lib_a-sbrkr.o)
                              c:/software/altera/15.1/nios2eds/bin/gnu/h-x86_64-mingw32/bin/../lib/gcc/nios2-elf/4.9.2/../../../../../H-x86_64-mingw32/nios2-elf/lib\libc.a(lib_a-mallocr.o) (_sbrk_r)
c:/software/altera/15.1/nios2eds/bin/gnu/h-x86_64-mingw32/bin/../lib/gcc/nios2-elf/4.9.2/../../../../../H-x86_64-mingw32/nios2-elf/lib\libc.a(lib_a-stdio.o)
                              c:/software/altera/15.1/nios2eds/bin/gnu/h-x86_64-mingw32/bin/../lib/gcc/nios2-elf/4.9.2/../../../../../H-x86_64-mingw32/nios2-elf/lib\libc.a(lib_a-findfp.o) (__sread)
c:/software/altera/15.1/nios2eds/bin/gnu/h-x86_64-mingw32/bin/../lib/gcc/nios2-elf/4.9.2/../../../../../H-x86_64-mingw32/nios2-elf/lib\libc.a(lib_a-wbuf.o)
[...]
Memory Configuration

Name             Origin             Length             Attributes
reset            0x0000000000800000 0x0000000000000020
sdram_0          0x0000000000800020 0x00000000007fffe0
*default*        0x0000000000000000 0xffffffffffffffff

Linker script and memory map

LOAD ../Lab2_CLI_Testing_bsp//obj/HAL/src/crt0.o
LOAD obj/default/fatfs.o
LOAD obj/default/fatfs_diskio.o
LOAD obj/default/fatfs_nios2_de0_nano_spi.o
LOAD obj/default/fatfs_nios2_de1_pio.o
LOAD obj/default/fatfs_nios2_de1_spi.o
LOAD obj/default/ff.o
LOAD obj/default/hello_world.o
LOAD obj/default/monitor.o
LOAD obj/default/uart_nios2.o
LOAD c:/software/altera/15.1/nios2eds/bin/gnu/h-x86_64-mingw32/bin/../lib/gcc/nios2-elf/4.9.2/../../../../../H-x86_64-mingw32/nios2-elf/lib\libstdc++.a
LOAD c:/software/altera/15.1/nios2eds/bin/gnu/h-x86_64-mingw32/bin/../lib/gcc/nios2-elf/4.9.2/../../../../../H-x86_64-mingw32/nios2-elf/lib\libm.a
LOAD c:/software/altera/15.1/nios2eds/bin/gnu/h-x86_64-mingw32/bin/../lib/gcc/nios2-elf/4.9.2\libgcc.a
START GROUP
LOAD c:/software/altera/15.1/nios2eds/bin/gnu/h-x86_64-mingw32/bin/../lib/gcc/nios2-elf/4.9.2/../../../../../H-x86_64-mingw32/nios2-elf/lib\libc.a
LOAD c:/software/altera/15.1/nios2eds/bin/gnu/h-x86_64-mingw32/bin/../lib/gcc/nios2-elf/4.9.2\libgcc.a
LOAD ../Lab2_CLI_Testing_bsp/\libhal_bsp.a
LOAD c:/software/altera/15.1/nios2eds/bin/gnu/h-x86_64-mingw32/bin/../lib/gcc/nios2-elf/4.9.2/../../../../../H-x86_64-mingw32/nios2-elf/lib\libm.a
END GROUP
LOAD c:/software/altera/15.1/nios2eds/bin/gnu/h-x86_64-mingw32/bin/../lib/gcc/nios2-elf/4.9.2\libgcc.a
                0x0000000000800000                __alt_mem_sdram_0 = 0x800000

.entry          0x0000000000800000       0x20
 *(.entry)
 .entry         0x0000000000800000       0x20 ../Lab2_CLI_Testing_bsp//obj/HAL/src/crt0.o
                0x0000000000800000                __reset

.exceptions     0x0000000000800020      0x224
                0x0000000000800020                PROVIDE (__ram_exceptions_start, ABSOLUTE (.))
                0x0000000000800020                . = ALIGN (0x20)
 *(.irq)
 *(.exceptions.entry.label)
 .exceptions.entry.label
                0x0000000000800020        0x0 ../Lab2_CLI_Testing_bsp/\libhal_bsp.a(alt_irq_entry.o)
                0x0000000000800020                alt_irq_entry
 .exceptions.entry.label
                0x0000000000800020        0x0 ../Lab2_CLI_Testing_bsp/\libhal_bsp.a(alt_exception_entry.o)
                0x0000000000800020                alt_exception
 *(.exceptions.entry.user)
 *(.exceptions.entry.ecc_fatal)
 *(.exceptions.entry)
 .exceptions.entry
                0x0000000000800020       0x54 ../Lab2_CLI_Testing_bsp/\libhal_bsp.a(alt_exception_entry.o)
 *(.exceptions.irqtest.user)
 *(.exceptions.irqtest)
 .exceptions.irqtest
                0x0000000000800074       0x10 ../Lab2_CLI_Testing_bsp/\libhal_bsp.a(alt_irq_entry.o)
 *(.exceptions.irqhandler.user)
 *(.exceptions.irqhandler)
 .exceptions.irqhandler
                0x0000000000800084        0x4 ../Lab2_CLI_Testing_bsp/\libhal_bsp.a(alt_irq_entry.o)
 *(.exceptions.irqreturn.user)
 *(.exceptions.irqreturn)
 .exceptions.irqreturn
                0x0000000000800088        0x4 ../Lab2_CLI_Testing_bsp/\libhal_bsp.a(alt_irq_entry.o)
 *(.exceptions.notirq.label)
 .exceptions.notirq.label
                0x000000000080008c        0x0 ../Lab2_CLI_Testing_bsp/\libhal_bsp.a(alt_irq_entry.o)
 *(.exceptions.notirq.user)
 *(.exceptions.notirq)
 .exceptions.notirq
                0x000000000080008c        0x8 ../Lab2_CLI_Testing_bsp/\libhal_bsp.a(alt_exception_entry.o)
 *(.exceptions.soft.user)
 *(.exceptions.soft)
 *(.exceptions.unknown.user)
 *(.exceptions.unknown)
 .exceptions.unknown
                0x0000000000800094       0x14 ../Lab2_CLI_Testing_bsp/\libhal_bsp.a(alt_exception_entry.o)
 *(.exceptions.exit.label)
 .exceptions.exit.label
                0x00000000008000a8        0x0 ../Lab2_CLI_Testing_bsp/\libhal_bsp.a(alt_irq_entry.o)
 .exceptions.exit.label
                0x00000000008000a8        0x0 ../Lab2_CLI_Testing_bsp/\libhal_bsp.a(alt_exception_entry.o)
 *(.exceptions.exit.user)
 *(.exceptions.exit)
 .exceptions.exit
                0x00000000008000a8       0x54 ../Lab2_CLI_Testing_bsp/\libhal_bsp.a(alt_exception_entry.o)
 *(.exceptions)
 .exceptions    0x00000000008000fc       0xd4 ../Lab2_CLI_Testing_bsp/\libhal_bsp.a(alt_irq_handler.o)
                0x00000000008000fc                alt_irq_handler
 .exceptions    0x00000000008001d0       0x74 ../Lab2_CLI_Testing_bsp/\libhal_bsp.a(alt_instruction_exception_entry.o)
                0x00000000008001d0                alt_instruction_exception_entry
                0x0000000000800244                PROVIDE (__ram_exceptions_end, ABSOLUTE (.))
                0x0000000000800020                PROVIDE (__flash_exceptions_start, LOADADDR (.exceptions))

.text           0x0000000000800244    0x1050c
                0x0000000000800244                PROVIDE (stext, ABSOLUTE (.))
 *(.interp)
 *(.hash)
 *(.dynsym)
 *(.dynstr)
 *(.gnu.version)
 *(.gnu.version_d)
 *(.gnu.version_r)
 *(.rel.init)
 *(.rela.init)
 *(.rel.text .rel.text.* .rel.gnu.linkonce.t.*)
 *(.rela.text .rela.text.* .rela.gnu.linkonce.t.*)
 *(.rel.fini)
 *(.rela.fini)
 *(.rel.rodata .rel.rodata.* .rel.gnu.linkonce.r.*)
 *(.rela.rodata .rela.rodata.* .rela.gnu.linkonce.r.*)
 *(.rel.data .rel.data.* .rel.gnu.linkonce.d.*)
 *(.rela.data .rela.data.* .rela.gnu.linkonce.d.*)
 *(.rel.tdata .rel.tdata.* .rel.gnu.linkonce.td.*)
 *(.rela.tdata .rela.tdata.* .rela.gnu.linkonce.td.*)
 *(.rel.tbss .rel.tbss.* .rel.gnu.linkonce.tb.*)
 *(.rela.tbss .rela.tbss.* .rela.gnu.linkonce.tb.*)
 *(.rel.ctors)
 *(.rela.ctors)
 *(.rel.dtors)
 *(.rela.dtors)
 *(.rel.got)
 *(.rela.got)
 *(.rel.sdata .rel.sdata.* .rel.gnu.linkonce.s.*)
 *(.rela.sdata .rela.sdata.* .rela.gnu.linkonce.s.*)
 *(.rel.sbss .rel.sbss.* .rel.gnu.linkonce.sb.*)
 *(.rela.sbss .rela.sbss.* .rela.gnu.linkonce.sb.*)
 *(.rel.sdata2 .rel.sdata2.* .rel.gnu.linkonce.s2.*)
 *(.rela.sdata2 .rela.sdata2.* .rela.gnu.linkonce.s2.*)
 *(.rel.sbss2 .rel.sbss2.* .rel.gnu.linkonce.sb2.*)
 *(.rela.sbss2 .rela.sbss2.* .rela.gnu.linkonce.sb2.*)
 *(.rel.bss .rel.bss.* .rel.gnu.linkonce.b.*)
 *(.rela.bss .rela.bss.* .rela.gnu.linkonce.b.*)
 *(.rel.plt)
 *(.rela.plt)
 *(.rel.dyn)
 *(.init)
 *(.plt)
 *(.text .stub .text.* .gnu.linkonce.t.*)
 .text          0x0000000000800244       0x4c ../Lab2_CLI_Testing_bsp//obj/HAL/src/crt0.o
                0x0000000000800244                _start
 .text          0x0000000000800290       0x24 obj/default/fatfs.o
                0x0000000000800290                ffs_Init
 .text          0x00000000008002b4     0x1294 obj/default/fatfs_diskio.o
                0x0000000000800a34                ffs_DiskIOInit
                0x0000000000800a60                ffs_DiskIOTimerproc
                0x0000000000800b68                ffs_DiskIOInitialize
                0x0000000000800dc4                ffs_DiskIOStatus
                0x0000000000800dec                ffs_DiskIORead
                0x0000000000800f08                ffs_DiskIOWrite
                0x0000000000801074                ffs_DiskIOIoctl
                0x000000000080151c                get_fattime
 .text          0x0000000000801548        0x0 obj/default/fatfs_nios2_de0_nano_spi.o
 .text          0x0000000000801548        0x0 obj/default/fatfs_nios2_de1_pio.o
 .text          0x0000000000801548        0x0 obj/default/fatfs_nios2_de1_spi.o
 .text          0x0000000000801548     0x6aac obj/default/ff.o
                0x0000000000801a8c                clust2sect
                0x0000000000801af8                get_fat
                0x0000000000801d7c                put_fat
                0x0000000000803e8c                f_mount
                0x0000000000803f20                f_open
                0x00000000008043a4                f_read
                0x0000000000804888                f_write
                0x0000000000804e04                f_sync
                0x000000000080508c                f_close
                0x00000000008050d4                f_lseek
                0x00000000008055c0                f_opendir
                0x0000000000805730                f_readdir
                0x0000000000805814                f_stat
                0x00000000008058b4                f_getfree
                0x0000000000805ba0                f_truncate
                0x0000000000805d88                f_unlink
                0x0000000000805fa0                f_mkdir
                0x00000000008063e0                f_chmod
                0x00000000008064e4                f_utime
                0x00000000008065f8                f_rename
                0x000000000080690c                f_mkfs
                0x00000000008077c8                f_gets
                0x0000000000807898                f_putc
                0x000000000080790c                f_puts
                0x00000000008079a4                f_printf
 .text          0x0000000000807ff4     0x155c obj/default/hello_world.o
                0x00000000008082c0                main
 .text          0x0000000000809550      0x978 obj/default/monitor.o
                0x0000000000809550                xatoi
                0x00000000008097d4                xputc
                0x0000000000809824                xputs
                0x000000000080988c                xitoa
                0x0000000000809a44                xprintf
                0x0000000000809cf0                put_dump
                0x0000000000809e0c                get_line
 .text          0x0000000000809ec8       0xb0 obj/default/uart_nios2.o
                0x0000000000809ec8                uart0_init
                0x0000000000809ee8                uart0_put
                0x0000000000809f20                uart0_get
 .text          0x0000000000809f78      0x12c c:/software/altera/15.1/nios2eds/bin/gnu/h-x86_64-mingw32/bin/../lib/gcc/nios2-elf/4.9.2\libgcc.a(lib2-divmod.o)
                0x0000000000809fe4                __divsi3
                0x000000000080a038                __modsi3
                0x000000000080a094                __udivsi3
                0x000000000080a09c                __umodsi3
 .text          0x000000000080a0a4        0x0 c:/software/altera/15.1/nios2eds/bin/gnu/h-x86_64-mingw32/bin/../lib/gcc/nios2-elf/4.9.2/../../../../../H-x86_64-mingw32/nios2-elf/lib\libc.a(lib_a-getc.o)
 .text._getc_r  0x000000000080a0a4       0x70 c:/software/altera/15.1/nios2eds/bin/gnu/h-x86_64-mingw32/bin/../lib/gcc/nios2-elf/4.9.2/../../../../../H-x86_64-mingw32/nios2-elf/lib\libc.a(lib_a-getc.o)
                0x000000000080a0a4                _getc_r
 .text.getc     0x000000000080a114       0x88 c:/software/altera/15.1/nios2eds/bin/gnu/h-x86_64-mingw32/bin/../lib/gcc/nios2-elf/4.9.2/../../../../../H-x86_64-mingw32/nios2-elf/lib\libc.a(lib_a-getc.o)
                0x000000000080a114                getc
 .text          0x000000000080a19c        0x0 c:/software/altera/15.1/nios2eds/bin/gnu/h-x86_64-mingw32/bin/../lib/gcc/nios2-elf/4.9.2/../../../../../H-x86_64-mingw32/nios2-elf/lib\libc.a(lib_a-impure.o)
 .text          0x000000000080a19c        0x0 c:/software/altera/15.1/nios2eds/bin/gnu/h-x86_64-mingw32/bin/../lib/gcc/nios2-elf/4.9.2/../../../../../H-x86_64-mingw32/nios2-elf/lib\libc.a(lib_a-memcpy.o)
 .text.memcpy   0x000000000080a19c      0x138 c:/software/altera/15.1/nios2eds/bin/gnu/h-x86_64-mingw32/bin/../lib/gcc/nios2-elf/4.9.2/../../../../../H-x86_64-mingw32/nios2-elf/lib\libc.a(lib_a-memcpy.o)
                0x000000000080a19c                memcpy
 .text          0x000000000080a2d4        0x0 c:/software/altera/15.1/nios2eds/bin/gnu/h-x86_64-mingw32/bin/../lib/gcc/nios2-elf/4.9.2/../../../../../H-x86_64-mingw32/nios2-elf/lib\libc.a(lib_a-memset.o)
 .text.memset   0x000000000080a2d4      0x124 c:/software/altera/15.1/nios2eds/bin/gnu/h-x86_64-mingw32/bin/../lib/gcc/nios2-elf/4.9.2/../../../../../H-x86_64-mingw32/nios2-elf/lib\libc.a(lib_a-memset.o)
                0x000000000080a2d4                memset
 .text          0x000000000080a3f8        0x0 c:/software/altera/15.1/nios2eds/bin/gnu/h-x86_64-mingw32/bin/../lib/gcc/nios2-elf/4.9.2/../../../../../H-x86_64-mingw32/nios2-elf/lib\libc.a(lib_a-putchar.o)
 .text._putchar_r
                0x000000000080a3f8        0x8 c:/software/altera/15.1/nios2eds/bin/gnu/h-x86_64-mingw32/bin/../lib/gcc/nios2-elf/4.9.2/../../../../../H-x86_64-mingw32/nios2-elf/lib\libc.a(lib_a-putchar.o)
                0x000000000080a3f8                _putchar_r
 .text.putchar  0x000000000080a400       0x18 c:/software/altera/15.1/nios2eds/bin/gnu/h-x86_64-mingw32/bin/../lib/gcc/nios2-elf/4.9.2/../../../../../H-x86_64-mingw32/nios2-elf/lib\libc.a(lib_a-putchar.o)
                0x000000000080a400                putchar
 .text          0x000000000080a418        0x0 c:/software/altera/15.1/nios2eds/bin/gnu/h-x86_64-mingw32/bin/../lib/gcc/nios2-elf/4.9.2/../../../../../H-x86_64-mingw32/nios2-elf/lib\libc.a(lib_a-rget.o)
 .text.__srget_r
                0x000000000080a418       0x74 c:/software/altera/15.1/nios2eds/bin/gnu/h-x86_64-mingw32/bin/../lib/gcc/nios2-elf/4.9.2/../../../../../H-x86_64-mingw32/nios2-elf/lib\libc.a(lib_a-rget.o)
                0x000000000080a418                __srget_r
 .text.__srget  0x000000000080a48c       0x14 c:/software/altera/15.1/nios2eds/bin/gnu/h-x86_64-mingw32/bin/../lib/gcc/nios2-elf/4.9.2/../../../../../H-x86_64-mingw32/nios2-elf/lib\libc.a(lib_a-rget.o)
                0x000000000080a48c                __srget
 .text          0x000000000080a4a0        0x0 c:/software/altera/15.1/nios2eds/bin/gnu/h-x86_64-mingw32/bin/../lib/gcc/nios2-elf/4.9.2/../../../../../H-x86_64-mingw32/nios2-elf/lib\libc.a(lib_a-strcpy.o)
 .text.strcpy   0x000000000080a4a0       0x90 c:/software/altera/15.1/nios2eds/bin/gnu/h-x86_64-mingw32/bin/../lib/gcc/nios2-elf/4.9.2/../../../../../H-x86_64-mingw32/nios2-elf/lib\libc.a(lib_a-strcpy.o)
                0x000000000080a4a0                strcpy
 .text          0x000000000080a530        0x0 c:/software/altera/15.1/nios2eds/bin/gnu/h-x86_64-mingw32/bin/../lib/gcc/nios2-elf/4.9.2/../../../../../H-x86_64-mingw32/nios2-elf/lib\libc.a(lib_a-strlen.o)
 .text.strlen   0x000000000080a530       0x98 c:/software/altera/15.1/nios2eds/bin/gnu/h-x86_64-mingw32/bin/../lib/gcc/nios2-elf/4.9.2/../../../../../H-x86_64-mingw32/nios2-elf/lib\libc.a(lib_a-strlen.o)
                0x000000000080a530                strlen
 .text          0x000000000080a5c8        0x0 c:/software/altera/15.1/nios2eds/bin/gnu/h-x86_64-mingw32/bin/../lib/gcc/nios2-elf/4.9.2/../../../../../H-x86_64-mingw32/nios2-elf/lib\libc.a(lib_a-findfp.o)
 .text.__fp_lock
                0x000000000080a5c8        0x8 c:/software/altera/15.1/nios2eds/bin/gnu/h-x86_64-mingw32/bin/../lib/gcc/nios2-elf/4.9.2/../../../../../H-x86_64-mingw32/nios2-elf/lib\libc.a(lib_a-findfp.o)
 .text.__fp_unlock
                0x000000000080a5d0        0x8 c:/software/altera/15.1/nios2eds/bin/gnu/h-x86_64-mingw32/bin/../lib/gcc/nios2-elf/4.9.2/../../../../../H-x86_64-mingw32/nios2-elf/lib\libc.a(lib_a-findfp.o)
 .text._cleanup_r
                0x000000000080a5d8        0xc c:/software/altera/15.1/nios2eds/bin/gnu/h-x86_64-mingw32/bin/../lib/gcc/nios2-elf/4.9.2/../../../../../H-x86_64-mingw32/nios2-elf/lib\libc.a(lib_a-findfp.o)
                0x000000000080a5d8                _cleanup_r
 .text.__sinit.part.1
                0x000000000080a5e4      0x19c c:/software/altera/15.1/nios2eds/bin/gnu/h-x86_64-mingw32/bin/../lib/gcc/nios2-elf/4.9.2/../../../../../H-x86_64-mingw32/nios2-elf/lib\libc.a(lib_a-findfp.o)
 .text.__sfmoreglue
                0x000000000080a780       0x68 c:/software/altera/15.1/nios2eds/bin/gnu/h-x86_64-mingw32/bin/../lib/gcc/nios2-elf/4.9.2/../../../../../H-x86_64-mingw32/nios2-elf/lib\libc.a(lib_a-findfp.o)
                0x000000000080a780                __sfmoreglue
 .text.__sfp    0x000000000080a7e8      0x118 c:/software/altera/15.1/nios2eds/bin/gnu/h-x86_64-mingw32/bin/../lib/gcc/nios2-elf/4.9.2/../../../../../H-x86_64-mingw32/nios2-elf/lib\libc.a(lib_a-findfp.o)
                0x000000000080a7e8                __sfp
 .text._cleanup
                0x000000000080a900       0x18 c:/software/altera/15.1/nios2eds/bin/gnu/h-x86_64-mingw32/bin/../lib/gcc/nios2-elf/4.9.2/../../../../../H-x86_64-mingw32/nios2-elf/lib\libc.a(lib_a-findfp.o)
                0x000000000080a900                _cleanup
 .text.__sinit  0x000000000080a918       0x10 c:/software/altera/15.1/nios2eds/bin/gnu/h-x86_64-mingw32/bin/../lib/gcc/nios2-elf/4.9.2/../../../../../H-x86_64-mingw32/nios2-elf/lib\libc.a(lib_a-findfp.o)
                0x000000000080a918                __sinit
 .text.__sfp_lock_acquire
                0x000000000080a928        0x4 c:/software/altera/15.1/nios2eds/bin/gnu/h-x86_64-mingw32/bin/../lib/gcc/nios2-elf/4.9.2/../../../../../H-x86_64-mingw32/nios2-elf/lib\libc.a(lib_a-findfp.o)
                0x000000000080a928                __sfp_lock_acquire
 .text.__sfp_lock_release
                0x000000000080a92c        0x4 c:/software/altera/15.1/nios2eds/bin/gnu/h-x86_64-mingw32/bin/../lib/gcc/nios2-elf/4.9.2/../../../../../H-x86_64-mingw32/nios2-elf/lib\libc.a(lib_a-findfp.o)
                0x000000000080a92c                __sfp_lock_release
 .text.__sinit_lock_acquire
                0x000000000080a930        0x4 c:/software/altera/15.1/nios2eds/bin/gnu/h-x86_64-mingw32/bin/../lib/gcc/nios2-elf/4.9.2/../../../../../H-x86_64-mingw32/nios2-elf/lib\libc.a(lib_a-findfp.o)
                0x000000000080a930                __sinit_lock_acquire
 .text.__sinit_lock_release
                0x000000000080a934        0x4 c:/software/altera/15.1/nios2eds/bin/gnu/h-x86_64-mingw32/bin/../lib/gcc/nios2-elf/4.9.2/../../../../../H-x86_64-mingw32/nios2-elf/lib\libc.a(lib_a-findfp.o)
                0x000000000080a934                __sinit_lock_release
 .text.__fp_lock_all
                0x000000000080a938       0x18 c:/software/altera/15.1/nios2eds/bin/gnu/h-x86_64-mingw32/bin/../lib/gcc/nios2-elf/4.9.2/../../../../../H-x86_64-mingw32/nios2-elf/lib\libc.a(lib_a-findfp.o)
                0x000000000080a938                __fp_lock_all
 .text.__fp_unlock_all
                0x000000000080a950       0x18 c:/software/altera/15.1/nios2eds/bin/gnu/h-x86_64-mingw32/bin/../lib/gcc/nios2-elf/4.9.2/../../../../../H-x86_64-mingw32/nios2-elf/lib\libc.a(lib_a-findfp.o)
                0x000000000080a950                __fp_unlock_all
 .text          0x000000000080a968        0x0 c:/software/altera/15.1/nios2eds/bin/gnu/h-x86_64-mingw32/bin/../lib/gcc/nios2-elf/4.9.2/../../../../../H-x86_64-mingw32/nios2-elf/lib\libc.a(lib_a-fwalk.o)
 .text._fwalk   0x000000000080a968       0xc4 c:/software/altera/15.1/nios2eds/bin/gnu/h-x86_64-mingw32/bin/../lib/gcc/nios2-elf/4.9.2/../../../../../H-x86_64-mingw32/nios2-elf/lib\libc.a(lib_a-fwalk.o)
                0x000000000080a968                _fwalk
 .text._fwalk_reent
                0x000000000080aa2c       0xc4 c:/software/altera/15.1/nios2eds/bin/gnu/h-x86_64-mingw32/bin/../lib/gcc/nios2-elf/4.9.2/../../../../../H-x86_64-mingw32/nios2-elf/lib\libc.a(lib_a-fwalk.o)
                0x000000000080aa2c                _fwalk_reent
 .text          0x000000000080aaf0        0x0 c:/software/altera/15.1/nios2eds/bin/gnu/h-x86_64-mingw32/bin/../lib/gcc/nios2-elf/4.9.2/../../../../../H-x86_64-mingw32/nios2-elf/lib\libc.a(lib_a-mallocr.o)
 .text._malloc_r
                0x000000000080aaf0      0x7a8 c:/software/altera/15.1/nios2eds/bin/gnu/h-x86_64-mingw32/bin/../lib/gcc/nios2-elf/4.9.2/../../../../../H-x86_64-mingw32/nios2-elf/lib\libc.a(lib_a-mallocr.o)
                0x000000000080aaf0                _malloc_r
 .text          0x000000000080b298        0x0 c:/software/altera/15.1/nios2eds/bin/gnu/h-x86_64-mingw32/bin/../lib/gcc/nios2-elf/4.9.2/../../../../../H-x86_64-mingw32/nios2-elf/lib\libc.a(lib_a-putc.o)
 .text._putc_r  0x000000000080b298       0xa0 c:/software/altera/15.1/nios2eds/bin/gnu/h-x86_64-mingw32/bin/../lib/gcc/nios2-elf/4.9.2/../../../../../H-x86_64-mingw32/nios2-elf/lib\libc.a(lib_a-putc.o)
                0x000000000080b298                _putc_r
 .text.putc     0x000000000080b338       0xcc c:/software/altera/15.1/nios2eds/bin/gnu/h-x86_64-mingw32/bin/../lib/gcc/nios2-elf/4.9.2/../../../../../H-x86_64-mingw32/nios2-elf/lib\libc.a(lib_a-putc.o)
                0x000000000080b338                putc
 .text          0x000000000080b404        0x0 c:/software/altera/15.1/nios2eds/bin/gnu/h-x86_64-mingw32/bin/../lib/gcc/nios2-elf/4.9.2/../../../../../H-x86_64-mingw32/nios2-elf/lib\libc.a(lib_a-refill.o)
 .text.lflush   0x000000000080b404       0x1c c:/software/altera/15.1/nios2eds/bin/gnu/h-x86_64-mingw32/bin/../lib/gcc/nios2-elf/4.9.2/../../../../../H-x86_64-mingw32/nios2-elf/lib\libc.a(lib_a-refill.o)
 .text.__srefill_r
                0x000000000080b420      0x1d4 c:/software/altera/15.1/nios2eds/bin/gnu/h-x86_64-mingw32/bin/../lib/gcc/nios2-elf/4.9.2/../../../../../H-x86_64-mingw32/nios2-elf/lib\libc.a(lib_a-refill.o)
                0x000000000080b420                __srefill_r
 .text          0x000000000080b5f4        0x0 c:/software/altera/15.1/nios2eds/bin/gnu/h-x86_64-mingw32/bin/../lib/gcc/nios2-elf/4.9.2/../../../../../H-x86_64-mingw32/nios2-elf/lib\libc.a(lib_a-sbrkr.o)
 .text._sbrk_r  0x000000000080b5f4       0x54 c:/software/altera/15.1/nios2eds/bin/gnu/h-x86_64-mingw32/bin/../lib/gcc/nios2-elf/4.9.2/../../../../../H-x86_64-mingw32/nios2-elf/lib\libc.a(lib_a-sbrkr.o)
                0x000000000080b5f4                _sbrk_r
 .text          0x000000000080b648        0x0 c:/software/altera/15.1/nios2eds/bin/gnu/h-x86_64-mingw32/bin/../lib/gcc/nios2-elf/4.9.2/../../../../../H-x86_64-mingw32/nios2-elf/lib\libc.a(lib_a-stdio.o)
 .text.__sread  0x000000000080b648       0x54 c:/software/altera/15.1/nios2eds/bin/gnu/h-x86_64-mingw32/bin/../lib/gcc/nios2-elf/4.9.2/../../../../../H-x86_64-mingw32/nios2-elf/lib\libc.a(lib_a-stdio.o)
                0x000000000080b648                __sread
 .text.__seofread
                0x000000000080b69c        0x8 c:/software/altera/15.1/nios2eds/bin/gnu/h-x86_64-mingw32/bin/../lib/gcc/nios2-elf/4.9.2/../../../../../H-x86_64-mingw32/nios2-elf/lib\libc.a(lib_a-stdio.o)
                0x000000000080b69c                __seofread
 .text.__swrite
                0x000000000080b6a4       0x7c c:/software/altera/15.1/nios2eds/bin/gnu/h-x86_64-mingw32/bin/../lib/gcc/nios2-elf/4.9.2/../../../../../H-x86_64-mingw32/nios2-elf/lib\libc.a(lib_a-stdio.o)
                0x000000000080b6a4                __swrite
 .text.__sseek  0x000000000080b720       0x5c c:/software/altera/15.1/nios2eds/bin/gnu/h-x86_64-mingw32/bin/../lib/gcc/nios2-elf/4.9.2/../../../../../H-x86_64-mingw32/nios2-elf/lib\libc.a(lib_a-stdio.o)
                0x000000000080b720                __sseek
 .text.__sclose
                0x000000000080b77c        0x8 c:/software/altera/15.1/nios2eds/bin/gnu/h-x86_64-mingw32/bin/../lib/gcc/nios2-elf/4.9.2/../../../../../H-x86_64-mingw32/nios2-elf/lib\libc.a(lib_a-stdio.o)
                0x000000000080b77c                __sclose
 .text          0x000000000080b784        0x0 c:/software/altera/15.1/nios2eds/bin/gnu/h-x86_64-mingw32/bin/../lib/gcc/nios2-elf/4.9.2/../../../../../H-x86_64-mingw32/nios2-elf/lib\libc.a(lib_a-wbuf.o)
 .text.__swbuf_r
                0x000000000080b784      0x138 c:/software/altera/15.1/nios2eds/bin/gnu/h-x86_64-mingw32/bin/../lib/gcc/nios2-elf/4.9.2/../../../../../H-x86_64-mingw32/nios2-elf/lib\libc.a(lib_a-wbuf.o)
                0x000000000080b784                __swbuf_r
 .text.__swbuf  0x000000000080b8bc       0x1c c:/software/altera/15.1/nios2eds/bin/gnu/h-x86_64-mingw32/bin/../lib/gcc/nios2-elf/4.9.2/../../../../../H-x86_64-mingw32/nios2-elf/lib\libc.a(lib_a-wbuf.o)
                0x000000000080b8bc                __swbuf
 .text          0x000000000080b8d8        0x0 c:/software/altera/15.1/nios2eds/bin/gnu/h-x86_64-mingw32/bin/../lib/gcc/nios2-elf/4.9.2/../../../../../H-x86_64-mingw32/nios2-elf/lib\libc.a(lib_a-writer.o)
 .text._write_r
                0x000000000080b8d8       0x5c c:/software/altera/15.1/nios2eds/bin/gnu/h-x86_64-mingw32/bin/../lib/gcc/nios2-elf/4.9.2/../../../../../H-x86_64-mingw32/nios2-elf/lib\libc.a(lib_a-writer.o)
                0x000000000080b8d8                _write_r
 .text          0x000000000080b934        0x0 c:/software/altera/15.1/nios2eds/bin/gnu/h-x86_64-mingw32/bin/../lib/gcc/nios2-elf/4.9.2/../../../../../H-x86_64-mingw32/nios2-elf/lib\libc.a(lib_a-wsetup.o)
 .text.__swsetup_r
                0x000000000080b934      0x154 c:/software/altera/15.1/nios2eds/bin/gnu/h-x86_64-mingw32/bin/../lib/gcc/nios2-elf/4.9.2/../../../../../H-x86_64-mingw32/nios2-elf/lib\libc.a(lib_a-wsetup.o)
                0x000000000080b934                __swsetup_r
 .text          0x000000000080ba88        0x0 c:/software/altera/15.1/nios2eds/bin/gnu/h-x86_64-mingw32/bin/../lib/gcc/nios2-elf/4.9.2/../../../../../H-x86_64-mingw32/nios2-elf/lib\libc.a(closer.o)
 .text._close_r
                0x000000000080ba88       0x54 c:/software/altera/15.1/nios2eds/bin/gnu/h-x86_64-mingw32/bin/../lib/gcc/nios2-elf/4.9.2/../../../../../H-x86_64-mingw32/nios2-elf/lib\libc.a(closer.o)
                0x000000000080ba88                _close_r
 .text          0x000000000080badc        0x0 c:/software/altera/15.1/nios2eds/bin/gnu/h-x86_64-mingw32/bin/../lib/gcc/nios2-elf/4.9.2/../../../../../H-x86_64-mingw32/nios2-elf/lib\libc.a(lib_a-fclose.o)
 .text._fclose_r
                0x000000000080badc       0xf0 c:/software/altera/15.1/nios2eds/bin/gnu/h-x86_64-mingw32/bin/../lib/gcc/nios2-elf/4.9.2/../../../../../H-x86_64-mingw32/nios2-elf/lib\libc.a(lib_a-fclose.o)
                0x000000000080badc                _fclose_r
 .text.fclose   0x000000000080bbcc       0x14 c:/software/altera/15.1/nios2eds/bin/gnu/h-x86_64-mingw32/bin/../lib/gcc/nios2-elf/4.9.2/../../../../../H-x86_64-mingw32/nios2-elf/lib\libc.a(lib_a-fclose.o)
                0x000000000080bbcc                fclose
 .text          0x000000000080bbe0        0x0 c:/software/altera/15.1/nios2eds/bin/gnu/h-x86_64-mingw32/bin/../lib/gcc/nios2-elf/4.9.2/../../../../../H-x86_64-mingw32/nios2-elf/lib\libc.a(lib_a-fflush.o)
 .text.__sflush_r
                0x000000000080bbe0      0x208 c:/software/altera/15.1/nios2eds/bin/gnu/h-x86_64-mingw32/bin/../lib/gcc/nios2-elf/4.9.2/../../../../../H-x86_64-mingw32/nios2-elf/lib\libc.a(lib_a-fflush.o)
                0x000000000080bbe0                __sflush_r
 .text._fflush_r
                0x000000000080bde8       0x5c c:/software/altera/15.1/nios2eds/bin/gnu/h-x86_64-mingw32/bin/../lib/gcc/nios2-elf/4.9.2/../../../../../H-x86_64-mingw32/nios2-elf/lib\libc.a(lib_a-fflush.o)
                0x000000000080bde8                _fflush_r
 .text.fflush   0x000000000080be44       0x30 c:/software/altera/15.1/nios2eds/bin/gnu/h-x86_64-mingw32/bin/../lib/gcc/nios2-elf/4.9.2/../../../../../H-x86_64-mingw32/nios2-elf/lib\libc.a(lib_a-fflush.o)
                0x000000000080be44                fflush
 .text          0x000000000080be74        0x0 c:/software/altera/15.1/nios2eds/bin/gnu/h-x86_64-mingw32/bin/../lib/gcc/nios2-elf/4.9.2/../../../../../H-x86_64-mingw32/nios2-elf/lib\libc.a(lib_a-freer.o)
 .text._malloc_trim_r
                0x000000000080be74      0x124 c:/software/altera/15.1/nios2eds/bin/gnu/h-x86_64-mingw32/bin/../lib/gcc/nios2-elf/4.9.2/../../../../../H-x86_64-mingw32/nios2-elf/lib\libc.a(lib_a-freer.o)
                0x000000000080be74                _malloc_trim_r
 .text._free_r  0x000000000080bf98      0x2f0 c:/software/altera/15.1/nios2eds/bin/gnu/h-x86_64-mingw32/bin/../lib/gcc/nios2-elf/4.9.2/../../../../../H-x86_64-mingw32/nios2-elf/lib\libc.a(lib_a-freer.o)
                0x000000000080bf98                _free_r
 .text          0x000000000080c288        0x0 c:/software/altera/15.1/nios2eds/bin/gnu/h-x86_64-mingw32/bin/../lib/gcc/nios2-elf/4.9.2/../../../../../H-x86_64-mingw32/nios2-elf/lib\libc.a(lib_a-int_errno.o)
 .text          0x000000000080c288        0x0 c:/software/altera/15.1/nios2eds/bin/gnu/h-x86_64-mingw32/bin/../lib/gcc/nios2-elf/4.9.2/../../../../../H-x86_64-mingw32/nios2-elf/lib\libc.a(lib_a-lseekr.o)
 .text._lseek_r
                0x000000000080c288       0x5c c:/software/altera/15.1/nios2eds/bin/gnu/h-x86_64-mingw32/bin/../lib/gcc/nios2-elf/4.9.2/../../../../../H-x86_64-mingw32/nios2-elf/lib\libc.a(lib_a-lseekr.o)
                0x000000000080c288                _lseek_r
 .text          0x000000000080c2e4        0x0 c:/software/altera/15.1/nios2eds/bin/gnu/h-x86_64-mingw32/bin/../lib/gcc/nios2-elf/4.9.2/../../../../../H-x86_64-mingw32/nios2-elf/lib\libc.a(lib_a-makebuf.o)
 .text.__smakebuf_r
                0x000000000080c2e4      0x1b8 c:/software/altera/15.1/nios2eds/bin/gnu/h-x86_64-mingw32/bin/../lib/gcc/nios2-elf/4.9.2/../../../../../H-x86_64-mingw32/nios2-elf/lib\libc.a(lib_a-makebuf.o)
                0x000000000080c2e4                __smakebuf_r
 .text          0x000000000080c49c        0x0 c:/software/altera/15.1/nios2eds/bin/gnu/h-x86_64-mingw32/bin/../lib/gcc/nios2-elf/4.9.2/../../../../../H-x86_64-mingw32/nios2-elf/lib\libc.a(lib_a-readr.o)
 .text._read_r  0x000000000080c49c       0x5c c:/software/altera/15.1/nios2eds/bin/gnu/h-x86_64-mingw32/bin/../lib/gcc/nios2-elf/4.9.2/../../../../../H-x86_64-mingw32/nios2-elf/lib\libc.a(lib_a-readr.o)
                0x000000000080c49c                _read_r
 .text          0x000000000080c4f8        0x0 c:/software/altera/15.1/nios2eds/bin/gnu/h-x86_64-mingw32/bin/../lib/gcc/nios2-elf/4.9.2/../../../../../H-x86_64-mingw32/nios2-elf/lib\libc.a(lib_a-fstatr.o)
 .text._fstat_r
                0x000000000080c4f8       0x58 c:/software/altera/15.1/nios2eds/bin/gnu/h-x86_64-mingw32/bin/../lib/gcc/nios2-elf/4.9.2/../../../../../H-x86_64-mingw32/nios2-elf/lib\libc.a(lib_a-fstatr.o)
                0x000000000080c4f8                _fstat_r
 .text          0x000000000080c550        0x0 c:/software/altera/15.1/nios2eds/bin/gnu/h-x86_64-mingw32/bin/../lib/gcc/nios2-elf/4.9.2/../../../../../H-x86_64-mingw32/nios2-elf/lib\libc.a(lib_a-isattyr.o)
 .text._isatty_r
                0x000000000080c550       0x54 c:/software/altera/15.1/nios2eds/bin/gnu/h-x86_64-mingw32/bin/../lib/gcc/nios2-elf/4.9.2/../../../../../H-x86_64-mingw32/nios2-elf/lib\libc.a(lib_a-isattyr.o)
                0x000000000080c550                _isatty_r
 .text          0x000000000080c5a4      0x140 ../Lab2_CLI_Testing_bsp/\libhal_bsp.a(alt_alarm_start.o)
                0x000000000080c5a4                alt_alarm_start
 .text          0x000000000080c6e4      0x120 ../Lab2_CLI_Testing_bsp/\libhal_bsp.a(alt_close.o)
                0x000000000080c734                close
 .text          0x000000000080c804       0x2c ../Lab2_CLI_Testing_bsp/\libhal_bsp.a(alt_dev.o)
 .text          0x000000000080c830        0x0 ../Lab2_CLI_Testing_bsp/\libhal_bsp.a(alt_errno.o)
 .text          0x000000000080c830      0x100 ../Lab2_CLI_Testing_bsp/\libhal_bsp.a(alt_fstat.o)
                0x000000000080c880                fstat
 .text          0x000000000080c930       0xf4 ../Lab2_CLI_Testing_bsp/\libhal_bsp.a(alt_isatty.o)
                0x000000000080c980                isatty
 .text          0x000000000080ca24       0xe4 ../Lab2_CLI_Testing_bsp/\libhal_bsp.a(alt_load.o)
                0x000000000080ca88                alt_load
 .text          0x000000000080cb08      0x124 ../Lab2_CLI_Testing_bsp/\libhal_bsp.a(alt_lseek.o)
                0x000000000080cb58                lseek
 .text          0x000000000080cc2c       0x78 ../Lab2_CLI_Testing_bsp/\libhal_bsp.a(alt_main.o)
                0x000000000080cc2c                alt_main
 .text          0x000000000080cca4       0x40 ../Lab2_CLI_Testing_bsp/\libhal_bsp.a(alt_malloc_lock.o)
                0x000000000080cca4                __malloc_lock
                0x000000000080ccc4                __malloc_unlock
 .text          0x000000000080cce4      0x228 ../Lab2_CLI_Testing_bsp/\libhal_bsp.a(alt_printf.o)
                0x000000000080cce4                alt_printf
 .text          0x000000000080cf0c       0x44 ../Lab2_CLI_Testing_bsp/\libhal_bsp.a(alt_putchar.o)
                0x000000000080cf0c                alt_putchar
 .text          0x000000000080cf50      0x14c ../Lab2_CLI_Testing_bsp/\libhal_bsp.a(alt_read.o)
                0x000000000080cfa0                read
 .text          0x000000000080d09c       0x60 ../Lab2_CLI_Testing_bsp/\libhal_bsp.a(alt_release_fd.o)
                0x000000000080d09c                alt_release_fd
 .text          0x000000000080d0fc       0xb0 ../Lab2_CLI_Testing_bsp/\libhal_bsp.a(alt_sbrk.o)
                0x000000000080d0fc                sbrk
 .text          0x000000000080d1ac      0x19c ../Lab2_CLI_Testing_bsp/\libhal_bsp.a(alt_tick.o)
                0x000000000080d1ac                alt_alarm_stop
                0x000000000080d244                alt_tick
 .text          0x000000000080d348      0x148 ../Lab2_CLI_Testing_bsp/\libhal_bsp.a(alt_write.o)
                0x000000000080d398                write
 .text          0x000000000080d490       0xf0 ../Lab2_CLI_Testing_bsp/\libhal_bsp.a(alt_sys_init.o)
                0x000000000080d4c8                alt_irq_init
                0x000000000080d4fc                alt_sys_init
 .text          0x000000000080d580       0xc0 ../Lab2_CLI_Testing_bsp/\libhal_bsp.a(altera_avalon_jtag_uart_fd.o)
                0x000000000080d580                altera_avalon_jtag_uart_read_fd
                0x000000000080d5e0                altera_avalon_jtag_uart_write_fd
 .text          0x000000000080d640       0xe4 ../Lab2_CLI_Testing_bsp/\libhal_bsp.a(altera_avalon_jtag_uart_read.o)
                0x000000000080d640                altera_avalon_jtag_uart_read
 .text          0x000000000080d724       0x94 ../Lab2_CLI_Testing_bsp/\libhal_bsp.a(altera_avalon_jtag_uart_write.o)
                0x000000000080d724                altera_avalon_jtag_uart_write
 .text          0x000000000080d7b8      0xe70 ../Lab2_CLI_Testing_bsp/\libhal_bsp.a(altera_avalon_lcd_16207.o)
                0x000000000080df5c                altera_avalon_lcd_16207_write
                0x000000000080e4f0                altera_avalon_lcd_16207_init
 .text          0x000000000080e628       0x60 ../Lab2_CLI_Testing_bsp/\libhal_bsp.a(altera_avalon_lcd_16207_fd.o)
                0x000000000080e628                altera_avalon_lcd_16207_write_fd
 .text          0x000000000080e688      0x110 ../Lab2_CLI_Testing_bsp/\libhal_bsp.a(altera_avalon_uart_fd.o)
                0x000000000080e688                altera_avalon_uart_read_fd
                0x000000000080e6e8                altera_avalon_uart_write_fd
                0x000000000080e748                altera_avalon_uart_close_fd
 .text          0x000000000080e798      0x3b4 ../Lab2_CLI_Testing_bsp/\libhal_bsp.a(altera_avalon_uart_init.o)
                0x000000000080e798                altera_avalon_uart_init
                0x000000000080eaf8                altera_avalon_uart_close
 .text          0x000000000080eb4c      0x22c ../Lab2_CLI_Testing_bsp/\libhal_bsp.a(altera_avalon_uart_read.o)
                0x000000000080eb9c                altera_avalon_uart_read
 .text          0x000000000080ed78      0x1fc ../Lab2_CLI_Testing_bsp/\libhal_bsp.a(altera_avalon_uart_write.o)
                0x000000000080edc8                altera_avalon_uart_write
 .text          0x000000000080ef74      0x794 ../Lab2_CLI_Testing_bsp/\libhal_bsp.a(altera_up_avalon_audio.o)
                0x000000000080ef74                alt_up_audio_open_dev
                0x000000000080efb4                alt_up_audio_enable_read_interrupt
                0x000000000080f004                alt_up_audio_disable_read_interrupt
                0x000000000080f058                alt_up_audio_enable_write_interrupt
                0x000000000080f0a8                alt_up_audio_disable_write_interrupt
                0x000000000080f0fc                alt_up_audio_read_interrupt_pending
                0x000000000080f13c                alt_up_audio_write_interrupt_pending
                0x000000000080f17c                alt_up_audio_reset_audio_core
                0x000000000080f20c                alt_up_audio_read_fifo_avail
                0x000000000080f26c                alt_up_audio_record_r
                0x000000000080f2d4                alt_up_audio_record_l
                0x000000000080f33c                alt_up_audio_write_fifo_space
                0x000000000080f39c                alt_up_audio_play_r
                0x000000000080f404                alt_up_audio_play_l
                0x000000000080f46c                alt_up_audio_read_fifo
                0x000000000080f54c                alt_up_audio_write_fifo
                0x000000000080f654                alt_up_audio_read_fifo_head
                0x000000000080f6a4                alt_up_audio_write_fifo_head
 .text          0x000000000080f708       0x44 ../Lab2_CLI_Testing_bsp/\libhal_bsp.a(alt_dcache_flush_all.o)
                0x000000000080f708                alt_dcache_flush_all
 .text          0x000000000080f74c       0xf4 ../Lab2_CLI_Testing_bsp/\libhal_bsp.a(alt_dev_llist_insert.o)
                0x000000000080f79c                alt_dev_llist_insert
 .text          0x000000000080f840       0x5c ../Lab2_CLI_Testing_bsp/\libhal_bsp.a(alt_do_ctors.o)
                0x000000000080f840                _do_ctors
 .text          0x000000000080f89c       0x5c ../Lab2_CLI_Testing_bsp/\libhal_bsp.a(alt_do_dtors.o)
                0x000000000080f89c                _do_dtors
 .text          0x000000000080f8f8       0x90 ../Lab2_CLI_Testing_bsp/\libhal_bsp.a(alt_find_dev.o)
                0x000000000080f8f8                alt_find_dev
 .text          0x000000000080f988       0x30 ../Lab2_CLI_Testing_bsp/\libhal_bsp.a(alt_icache_flush_all.o)
                0x000000000080f988                alt_icache_flush_all
 .text          0x000000000080f9b8      0x138 ../Lab2_CLI_Testing_bsp/\libhal_bsp.a(alt_io_redirect.o)
                0x000000000080fa78                alt_io_redirect
 .text          0x000000000080faf0      0x1b0 ../Lab2_CLI_Testing_bsp/\libhal_bsp.a(alt_irq_register.o)
                0x000000000080faf0                alt_irq_register
 .text          0x000000000080fca0        0x0 ../Lab2_CLI_Testing_bsp/\libhal_bsp.a(alt_irq_vars.o)
 .text          0x000000000080fca0      0x274 ../Lab2_CLI_Testing_bsp/\libhal_bsp.a(alt_open.o)
                0x000000000080fdbc                open
 .text          0x000000000080ff14       0x30 ../Lab2_CLI_Testing_bsp/\libhal_bsp.a(alt_usleep.o)
                0x000000000080ff14                usleep
 .text          0x000000000080ff44       0x20 ../Lab2_CLI_Testing_bsp/\libhal_bsp.a(altera_nios2_gen2_irq.o)
                0x000000000080ff44                altera_nios2_gen2_irq_init
 .text          0x000000000080ff64      0x158 ../Lab2_CLI_Testing_bsp/\libhal_bsp.a(alt_busy_sleep.o)
                0x000000000080ff64                alt_busy_sleep
 .text          0x00000000008100bc      0x114 ../Lab2_CLI_Testing_bsp/\libhal_bsp.a(alt_find_file.o)
                0x00000000008100bc                alt_find_file
 .text          0x00000000008101d0       0xb4 ../Lab2_CLI_Testing_bsp/\libhal_bsp.a(alt_get_fd.o)
                0x00000000008101d0                alt_get_fd
 .text          0x0000000000810284       0x8c ../Lab2_CLI_Testing_bsp/\libhal_bsp.a(alt_icache_flush.o)
                0x0000000000810284                alt_icache_flush
 .text          0x0000000000810310        0x0 ../Lab2_CLI_Testing_bsp/\libhal_bsp.a(alt_irq_entry.o)
 .text          0x0000000000810310        0x0 ../Lab2_CLI_Testing_bsp/\libhal_bsp.a(alt_irq_handler.o)
 .text          0x0000000000810310        0x0 ../Lab2_CLI_Testing_bsp/\libhal_bsp.a(alt_exception_entry.o)
 .text          0x0000000000810310       0x9c ../Lab2_CLI_Testing_bsp/\libhal_bsp.a(alt_instruction_exception_entry.o)
                0x0000000000810310                alt_exception_cause_generated_bad_addr
 .text          0x00000000008103ac        0x0 c:/software/altera/15.1/nios2eds/bin/gnu/h-x86_64-mingw32/bin/../lib/gcc/nios2-elf/4.9.2/../../../../../H-x86_64-mingw32/nios2-elf/lib\libc.a(lib_a-atexit.o)
 .text.atexit   0x00000000008103ac       0x14 c:/software/altera/15.1/nios2eds/bin/gnu/h-x86_64-mingw32/bin/../lib/gcc/nios2-elf/4.9.2/../../../../../H-x86_64-mingw32/nios2-elf/lib\libc.a(lib_a-atexit.o)
                0x00000000008103ac                atexit
 .text          0x00000000008103c0        0x0 c:/software/altera/15.1/nios2eds/bin/gnu/h-x86_64-mingw32/bin/../lib/gcc/nios2-elf/4.9.2/../../../../../H-x86_64-mingw32/nios2-elf/lib\libc.a(lib_a-ctype_.o)
 .text          0x00000000008103c0        0x0 c:/software/altera/15.1/nios2eds/bin/gnu/h-x86_64-mingw32/bin/../lib/gcc/nios2-elf/4.9.2/../../../../../H-x86_64-mingw32/nios2-elf/lib\libc.a(lib_a-exit.o)
 .text.exit     0x00000000008103c0       0x38 c:/software/altera/15.1/nios2eds/bin/gnu/h-x86_64-mingw32/bin/../lib/gcc/nios2-elf/4.9.2/../../../../../H-x86_64-mingw32/nios2-elf/lib\libc.a(lib_a-exit.o)
                0x00000000008103c0                exit
 .text          0x00000000008103f8        0x0 c:/software/altera/15.1/nios2eds/bin/gnu/h-x86_64-mingw32/bin/../lib/gcc/nios2-elf/4.9.2/../../../../../H-x86_64-mingw32/nios2-elf/lib\libc.a(lib_a-memcmp.o)
 .text.memcmp   0x00000000008103f8       0x7c c:/software/altera/15.1/nios2eds/bin/gnu/h-x86_64-mingw32/bin/../lib/gcc/nios2-elf/4.9.2/../../../../../H-x86_64-mingw32/nios2-elf/lib\libc.a(lib_a-memcmp.o)
                0x00000000008103f8                memcmp
 .text          0x0000000000810474        0x0 c:/software/altera/15.1/nios2eds/bin/gnu/h-x86_64-mingw32/bin/../lib/gcc/nios2-elf/4.9.2/../../../../../H-x86_64-mingw32/nios2-elf/lib\libc.a(lib_a-__atexit.o)
 .text.__register_exitproc
                0x0000000000810474      0x114 c:/software/altera/15.1/nios2eds/bin/gnu/h-x86_64-mingw32/bin/../lib/gcc/nios2-elf/4.9.2/../../../../../H-x86_64-mingw32/nios2-elf/lib\libc.a(lib_a-__atexit.o)
                0x0000000000810474                __register_exitproc
 .text          0x0000000000810588        0x0 c:/software/altera/15.1/nios2eds/bin/gnu/h-x86_64-mingw32/bin/../lib/gcc/nios2-elf/4.9.2/../../../../../H-x86_64-mingw32/nios2-elf/lib\libc.a(lib_a-__call_atexit.o)
 .text.__call_exitprocs
                0x0000000000810588      0x194 c:/software/altera/15.1/nios2eds/bin/gnu/h-x86_64-mingw32/bin/../lib/gcc/nios2-elf/4.9.2/../../../../../H-x86_64-mingw32/nios2-elf/lib\libc.a(lib_a-__call_atexit.o)
                0x0000000000810588                __call_exitprocs
 .text          0x000000000081071c       0x34 ../Lab2_CLI_Testing_bsp/\libhal_bsp.a(alt_exit.o)
                0x000000000081071c                _exit
 *(.gnu.warning.*)
 *(.fini)
                0x0000000000810750                PROVIDE (__etext, ABSOLUTE (.))
                0x0000000000810750                PROVIDE (_etext, ABSOLUTE (.))
                0x0000000000810750                PROVIDE (etext, ABSOLUTE (.))
 *(.eh_frame_hdr)
                0x0000000000810750                . = ALIGN (0x4)
                0x0000000000810750                PROVIDE (__preinit_array_start, ABSOLUTE (.))
 *(.preinit_array)
                0x0000000000810750                PROVIDE (__preinit_array_end, ABSOLUTE (.))
                0x0000000000810750                PROVIDE (__init_array_start, ABSOLUTE (.))
 *(.init_array)
                0x0000000000810750                PROVIDE (__init_array_end, ABSOLUTE (.))
                0x0000000000810750                PROVIDE (__fini_array_start, ABSOLUTE (.))
 *(.fini_array)
                0x0000000000810750                PROVIDE (__fini_array_end, ABSOLUTE (.))
 *(.eh_frame)
 *(.gcc_except_table .gcc_except_table.*)
 *(.dynamic)
                0x0000000000810750                PROVIDE (__CTOR_LIST__, ABSOLUTE (.))
 *(.ctors)
 *(SORT(.ctors.*))
                0x0000000000810750                PROVIDE (__CTOR_END__, ABSOLUTE (.))
                0x0000000000810750                PROVIDE (__DTOR_LIST__, ABSOLUTE (.))
 *(.dtors)
 *(SORT(.dtors.*))
                0x0000000000810750                PROVIDE (__DTOR_END__, ABSOLUTE (.))
 *(.jcr)
                0x0000000000810750                . = ALIGN (0x4)

.rodata         0x0000000000810750      0xa84
                0x0000000000810750                PROVIDE (__ram_rodata_start, ABSOLUTE (.))
                0x0000000000810750                . = ALIGN (0x4)
 *(.rodata .rodata.* .gnu.linkonce.r.*)
 .rodata        0x0000000000810750       0xf0 obj/default/ff.o
 .rodata        0x0000000000810840      0x684 obj/default/hello_world.o
 .rodata        0x0000000000810ec4       0x10 obj/default/monitor.o
 .rodata.str1.4
                0x0000000000810ed4        0x4 c:/software/altera/15.1/nios2eds/bin/gnu/h-x86_64-mingw32/bin/../lib/gcc/nios2-elf/4.9.2/../../../../../H-x86_64-mingw32/nios2-elf/lib\libc.a(lib_a-impure.o)
 .rodata        0x0000000000810ed8        0xc ../Lab2_CLI_Testing_bsp/\libhal_bsp.a(alt_dev.o)
 .rodata        0x0000000000810ee4       0x14 ../Lab2_CLI_Testing_bsp/\libhal_bsp.a(alt_main.o)
 .rodata        0x0000000000810ef8       0x58 ../Lab2_CLI_Testing_bsp/\libhal_bsp.a(alt_sys_init.o)
 .rodata._ctype_
                0x0000000000810f50      0x101 c:/software/altera/15.1/nios2eds/bin/gnu/h-x86_64-mingw32/bin/../lib/gcc/nios2-elf/4.9.2/../../../../../H-x86_64-mingw32/nios2-elf/lib\libc.a(lib_a-ctype_.o)
                0x0000000000810f50                _ctype_
 .rodata._ctype_b
                0x0000000000811051      0x180 c:/software/altera/15.1/nios2eds/bin/gnu/h-x86_64-mingw32/bin/../lib/gcc/nios2-elf/4.9.2/../../../../../H-x86_64-mingw32/nios2-elf/lib\libc.a(lib_a-ctype_.o)
 *(.rodata1)
                0x00000000008111d4                . = ALIGN (0x4)
 *fill*         0x00000000008111d1        0x3 
                0x00000000008111d4                PROVIDE (__ram_rodata_end, ABSOLUTE (.))
                0x0000000000810750                PROVIDE (__flash_rodata_start, LOADADDR (.rodata))

.rwdata         0x00000000008111d4      0xc8c load address 0x0000000000811e60
                0x00000000008111d4                PROVIDE (__ram_rwdata_start, ABSOLUTE (.))
                0x00000000008111d4                . = ALIGN (0x4)
 *(.got.plt)
 *(.got)
 *(.data1)
 *(.data .data.* .gnu.linkonce.d.*)
 .data          0x00000000008111d4        0x0 ../Lab2_CLI_Testing_bsp//obj/HAL/src/crt0.o
 .data          0x00000000008111d4        0x0 obj/default/fatfs.o
 .data          0x00000000008111d4        0x0 obj/default/fatfs_diskio.o
 .data          0x00000000008111d4        0x0 obj/default/fatfs_nios2_de0_nano_spi.o
 .data          0x00000000008111d4        0x0 obj/default/fatfs_nios2_de1_pio.o
 .data          0x00000000008111d4        0x0 obj/default/fatfs_nios2_de1_spi.o
 .data          0x00000000008111d4        0x0 obj/default/ff.o
 .data          0x00000000008111d4        0x0 obj/default/hello_world.o
 .data          0x00000000008111d4        0x0 obj/default/monitor.o
 .data          0x00000000008111d4        0x0 obj/default/uart_nios2.o
 .data          0x00000000008111d4        0x0 c:/software/altera/15.1/nios2eds/bin/gnu/h-x86_64-mingw32/bin/../lib/gcc/nios2-elf/4.9.2\libgcc.a(lib2-divmod.o)
 .data          0x00000000008111d4        0x0 c:/software/altera/15.1/nios2eds/bin/gnu/h-x86_64-mingw32/bin/../lib/gcc/nios2-elf/4.9.2/../../../../../H-x86_64-mingw32/nios2-elf/lib\libc.a(lib_a-getc.o)
 .data          0x00000000008111d4        0x0 c:/software/altera/15.1/nios2eds/bin/gnu/h-x86_64-mingw32/bin/../lib/gcc/nios2-elf/4.9.2/../../../../../H-x86_64-mingw32/nios2-elf/lib\libc.a(lib_a-impure.o)
 .data.impure_data
                0x00000000008111d4      0x424 c:/software/altera/15.1/nios2eds/bin/gnu/h-x86_64-mingw32/bin/../lib/gcc/nios2-elf/4.9.2/../../../../../H-x86_64-mingw32/nios2-elf/lib\libc.a(lib_a-impure.o)
 .data          0x00000000008115f8        0x0 c:/software/altera/15.1/nios2eds/bin/gnu/h-x86_64-mingw32/bin/../lib/gcc/nios2-elf/4.9.2/../../../../../H-x86_64-mingw32/nios2-elf/lib\libc.a(lib_a-memcpy.o)
 .data          0x00000000008115f8        0x0 c:/software/altera/15.1/nios2eds/bin/gnu/h-x86_64-mingw32/bin/../lib/gcc/nios2-elf/4.9.2/../../../../../H-x86_64-mingw32/nios2-elf/lib\libc.a(lib_a-memset.o)
 .data          0x00000000008115f8        0x0 c:/software/altera/15.1/nios2eds/bin/gnu/h-x86_64-mingw32/bin/../lib/gcc/nios2-elf/4.9.2/../../../../../H-x86_64-mingw32/nios2-elf/lib\libc.a(lib_a-putchar.o)
 .data          0x00000000008115f8        0x0 c:/software/altera/15.1/nios2eds/bin/gnu/h-x86_64-mingw32/bin/../lib/gcc/nios2-elf/4.9.2/../../../../../H-x86_64-mingw32/nios2-elf/lib\libc.a(lib_a-rget.o)
 .data          0x00000000008115f8        0x0 c:/software/altera/15.1/nios2eds/bin/gnu/h-x86_64-mingw32/bin/../lib/gcc/nios2-elf/4.9.2/../../../../../H-x86_64-mingw32/nios2-elf/lib\libc.a(lib_a-strcpy.o)
 .data          0x00000000008115f8        0x0 c:/software/altera/15.1/nios2eds/bin/gnu/h-x86_64-mingw32/bin/../lib/gcc/nios2-elf/4.9.2/../../../../../H-x86_64-mingw32/nios2-elf/lib\libc.a(lib_a-strlen.o)
 .data          0x00000000008115f8        0x0 c:/software/altera/15.1/nios2eds/bin/gnu/h-x86_64-mingw32/bin/../lib/gcc/nios2-elf/4.9.2/../../../../../H-x86_64-mingw32/nios2-elf/lib\libc.a(lib_a-findfp.o)
 .data          0x00000000008115f8        0x0 c:/software/altera/15.1/nios2eds/bin/gnu/h-x86_64-mingw32/bin/../lib/gcc/nios2-elf/4.9.2/../../../../../H-x86_64-mingw32/nios2-elf/lib\libc.a(lib_a-fwalk.o)
 .data          0x00000000008115f8        0x0 c:/software/altera/15.1/nios2eds/bin/gnu/h-x86_64-mingw32/bin/../lib/gcc/nios2-elf/4.9.2/../../../../../H-x86_64-mingw32/nios2-elf/lib\libc.a(lib_a-mallocr.o)
 .data.__malloc_av_
                0x00000000008115f8      0x408 c:/software/altera/15.1/nios2eds/bin/gnu/h-x86_64-mingw32/bin/../lib/gcc/nios2-elf/4.9.2/../../../../../H-x86_64-mingw32/nios2-elf/lib\libc.a(lib_a-mallocr.o)
                0x00000000008115f8                __malloc_av_
 .data          0x0000000000811a00        0x0 c:/software/altera/15.1/nios2eds/bin/gnu/h-x86_64-mingw32/bin/../lib/gcc/nios2-elf/4.9.2/../../../../../H-x86_64-mingw32/nios2-elf/lib\libc.a(lib_a-putc.o)
 .data          0x0000000000811a00        0x0 c:/software/altera/15.1/nios2eds/bin/gnu/h-x86_64-mingw32/bin/../lib/gcc/nios2-elf/4.9.2/../../../../../H-x86_64-mingw32/nios2-elf/lib\libc.a(lib_a-refill.o)
 .data          0x0000000000811a00        0x0 c:/software/altera/15.1/nios2eds/bin/gnu/h-x86_64-mingw32/bin/../lib/gcc/nios2-elf/4.9.2/../../../../../H-x86_64-mingw32/nios2-elf/lib\libc.a(lib_a-sbrkr.o)
 .data          0x0000000000811a00        0x0 c:/software/altera/15.1/nios2eds/bin/gnu/h-x86_64-mingw32/bin/../lib/gcc/nios2-elf/4.9.2/../../../../../H-x86_64-mingw32/nios2-elf/lib\libc.a(lib_a-stdio.o)
 .data          0x0000000000811a00        0x0 c:/software/altera/15.1/nios2eds/bin/gnu/h-x86_64-mingw32/bin/../lib/gcc/nios2-elf/4.9.2/../../../../../H-x86_64-mingw32/nios2-elf/lib\libc.a(lib_a-wbuf.o)
 .data          0x0000000000811a00        0x0 c:/software/altera/15.1/nios2eds/bin/gnu/h-x86_64-mingw32/bin/../lib/gcc/nios2-elf/4.9.2/../../../../../H-x86_64-mingw32/nios2-elf/lib\libc.a(lib_a-writer.o)
 .data          0x0000000000811a00        0x0 c:/software/altera/15.1/nios2eds/bin/gnu/h-x86_64-mingw32/bin/../lib/gcc/nios2-elf/4.9.2/../../../../../H-x86_64-mingw32/nios2-elf/lib\libc.a(lib_a-wsetup.o)
 .data          0x0000000000811a00        0x0 c:/software/altera/15.1/nios2eds/bin/gnu/h-x86_64-mingw32/bin/../lib/gcc/nios2-elf/4.9.2/../../../../../H-x86_64-mingw32/nios2-elf/lib\libc.a(closer.o)
 .data          0x0000000000811a00        0x0 c:/software/altera/15.1/nios2eds/bin/gnu/h-x86_64-mingw32/bin/../lib/gcc/nios2-elf/4.9.2/../../../../../H-x86_64-mingw32/nios2-elf/lib\libc.a(lib_a-fclose.o)
 .data          0x0000000000811a00        0x0 c:/software/altera/15.1/nios2eds/bin/gnu/h-x86_64-mingw32/bin/../lib/gcc/nios2-elf/4.9.2/../../../../../H-x86_64-mingw32/nios2-elf/lib\libc.a(lib_a-fflush.o)
 .data          0x0000000000811a00        0x0 c:/software/altera/15.1/nios2eds/bin/gnu/h-x86_64-mingw32/bin/../lib/gcc/nios2-elf/4.9.2/../../../../../H-x86_64-mingw32/nios2-elf/lib\libc.a(lib_a-freer.o)
 .data          0x0000000000811a00        0x0 c:/software/altera/15.1/nios2eds/bin/gnu/h-x86_64-mingw32/bin/../lib/gcc/nios2-elf/4.9.2/../../../../../H-x86_64-mingw32/nios2-elf/lib\libc.a(lib_a-int_errno.o)
 .data          0x0000000000811a00        0x0 c:/software/altera/15.1/nios2eds/bin/gnu/h-x86_64-mingw32/bin/../lib/gcc/nios2-elf/4.9.2/../../../../../H-x86_64-mingw32/nios2-elf/lib\libc.a(lib_a-lseekr.o)
 .data          0x0000000000811a00        0x0 c:/software/altera/15.1/nios2eds/bin/gnu/h-x86_64-mingw32/bin/../lib/gcc/nios2-elf/4.9.2/../../../../../H-x86_64-mingw32/nios2-elf/lib\libc.a(lib_a-makebuf.o)
 .data          0x0000000000811a00        0x0 c:/software/altera/15.1/nios2eds/bin/gnu/h-x86_64-mingw32/bin/../lib/gcc/nios2-elf/4.9.2/../../../../../H-x86_64-mingw32/nios2-elf/lib\libc.a(lib_a-readr.o)
 .data          0x0000000000811a00        0x0 c:/software/altera/15.1/nios2eds/bin/gnu/h-x86_64-mingw32/bin/../lib/gcc/nios2-elf/4.9.2/../../../../../H-x86_64-mingw32/nios2-elf/lib\libc.a(lib_a-fstatr.o)
 .data          0x0000000000811a00        0x0 c:/software/altera/15.1/nios2eds/bin/gnu/h-x86_64-mingw32/bin/../lib/gcc/nios2-elf/4.9.2/../../../../../H-x86_64-mingw32/nios2-elf/lib\libc.a(lib_a-isattyr.o)
 .data          0x0000000000811a00        0x0 ../Lab2_CLI_Testing_bsp/\libhal_bsp.a(alt_alarm_start.o)
 .data          0x0000000000811a00        0x0 ../Lab2_CLI_Testing_bsp/\libhal_bsp.a(alt_close.o)
 .data          0x0000000000811a00      0x1a8 ../Lab2_CLI_Testing_bsp/\libhal_bsp.a(alt_dev.o)
                0x0000000000811a00                alt_dev_null
                0x0000000000811a28                alt_fd_list
 .data          0x0000000000811ba8        0x0 ../Lab2_CLI_Testing_bsp/\libhal_bsp.a(alt_errno.o)
 .data          0x0000000000811ba8        0x0 ../Lab2_CLI_Testing_bsp/\libhal_bsp.a(alt_fstat.o)
 .data          0x0000000000811ba8        0x0 ../Lab2_CLI_Testing_bsp/\libhal_bsp.a(alt_isatty.o)
 .data          0x0000000000811ba8        0x0 ../Lab2_CLI_Testing_bsp/\libhal_bsp.a(alt_load.o)
 .data          0x0000000000811ba8        0x0 ../Lab2_CLI_Testing_bsp/\libhal_bsp.a(alt_lseek.o)
 .data          0x0000000000811ba8        0x0 ../Lab2_CLI_Testing_bsp/\libhal_bsp.a(alt_main.o)
 .data          0x0000000000811ba8        0x0 ../Lab2_CLI_Testing_bsp/\libhal_bsp.a(alt_malloc_lock.o)
 .data          0x0000000000811ba8        0x0 ../Lab2_CLI_Testing_bsp/\libhal_bsp.a(alt_printf.o)
 .data          0x0000000000811ba8        0x0 ../Lab2_CLI_Testing_bsp/\libhal_bsp.a(alt_putchar.o)
 .data          0x0000000000811ba8        0x0 ../Lab2_CLI_Testing_bsp/\libhal_bsp.a(alt_read.o)
 .data          0x0000000000811ba8        0x0 ../Lab2_CLI_Testing_bsp/\libhal_bsp.a(alt_release_fd.o)
 .data          0x0000000000811ba8        0x0 ../Lab2_CLI_Testing_bsp/\libhal_bsp.a(alt_sbrk.o)
 .data          0x0000000000811ba8        0x0 ../Lab2_CLI_Testing_bsp/\libhal_bsp.a(alt_tick.o)
 .data          0x0000000000811ba8        0x0 ../Lab2_CLI_Testing_bsp/\libhal_bsp.a(alt_write.o)
 .data          0x0000000000811ba8      0x270 ../Lab2_CLI_Testing_bsp/\libhal_bsp.a(alt_sys_init.o)
 .data          0x0000000000811e18        0x0 ../Lab2_CLI_Testing_bsp/\libhal_bsp.a(altera_avalon_jtag_uart_fd.o)
 .data          0x0000000000811e18        0x0 ../Lab2_CLI_Testing_bsp/\libhal_bsp.a(altera_avalon_jtag_uart_read.o)
 .data          0x0000000000811e18        0x0 ../Lab2_CLI_Testing_bsp/\libhal_bsp.a(altera_avalon_jtag_uart_write.o)
 .data          0x0000000000811e18        0x0 ../Lab2_CLI_Testing_bsp/\libhal_bsp.a(altera_avalon_lcd_16207.o)
 .data          0x0000000000811e18        0x0 ../Lab2_CLI_Testing_bsp/\libhal_bsp.a(altera_avalon_lcd_16207_fd.o)
 .data          0x0000000000811e18        0x0 ../Lab2_CLI_Testing_bsp/\libhal_bsp.a(altera_avalon_uart_fd.o)
 .data          0x0000000000811e18        0x0 ../Lab2_CLI_Testing_bsp/\libhal_bsp.a(altera_avalon_uart_init.o)
 .data          0x0000000000811e18        0x0 ../Lab2_CLI_Testing_bsp/\libhal_bsp.a(altera_avalon_uart_read.o)
 .data          0x0000000000811e18        0x0 ../Lab2_CLI_Testing_bsp/\libhal_bsp.a(altera_avalon_uart_write.o)
 .data          0x0000000000811e18        0x0 ../Lab2_CLI_Testing_bsp/\libhal_bsp.a(altera_up_avalon_audio.o)
 .data          0x0000000000811e18        0x0 ../Lab2_CLI_Testing_bsp/\libhal_bsp.a(alt_dcache_flush_all.o)
 .data          0x0000000000811e18        0x0 ../Lab2_CLI_Testing_bsp/\libhal_bsp.a(alt_dev_llist_insert.o)
 .data          0x0000000000811e18        0x0 ../Lab2_CLI_Testing_bsp/\libhal_bsp.a(alt_do_ctors.o)
 .data          0x0000000000811e18        0x0 ../Lab2_CLI_Testing_bsp/\libhal_bsp.a(alt_do_dtors.o)
 .data          0x0000000000811e18        0x0 ../Lab2_CLI_Testing_bsp/\libhal_bsp.a(alt_find_dev.o)
 .data          0x0000000000811e18        0x0 ../Lab2_CLI_Testing_bsp/\libhal_bsp.a(alt_icache_flush_all.o)
 .data          0x0000000000811e18        0x0 ../Lab2_CLI_Testing_bsp/\libhal_bsp.a(alt_io_redirect.o)
 .data          0x0000000000811e18        0x0 ../Lab2_CLI_Testing_bsp/\libhal_bsp.a(alt_irq_register.o)
 .data          0x0000000000811e18        0x0 ../Lab2_CLI_Testing_bsp/\libhal_bsp.a(alt_irq_vars.o)
 .data          0x0000000000811e18        0x0 ../Lab2_CLI_Testing_bsp/\libhal_bsp.a(alt_open.o)
 .data          0x0000000000811e18        0x0 ../Lab2_CLI_Testing_bsp/\libhal_bsp.a(alt_usleep.o)
 .data          0x0000000000811e18        0x0 ../Lab2_CLI_Testing_bsp/\libhal_bsp.a(altera_nios2_gen2_irq.o)
 .data          0x0000000000811e18        0x0 ../Lab2_CLI_Testing_bsp/\libhal_bsp.a(alt_busy_sleep.o)
 .data          0x0000000000811e18        0x0 ../Lab2_CLI_Testing_bsp/\libhal_bsp.a(alt_find_file.o)
 .data          0x0000000000811e18        0x0 ../Lab2_CLI_Testing_bsp/\libhal_bsp.a(alt_get_fd.o)
 .data          0x0000000000811e18        0x0 ../Lab2_CLI_Testing_bsp/\libhal_bsp.a(alt_icache_flush.o)
 .data          0x0000000000811e18        0x0 ../Lab2_CLI_Testing_bsp/\libhal_bsp.a(alt_irq_entry.o)
 .data          0x0000000000811e18        0x0 ../Lab2_CLI_Testing_bsp/\libhal_bsp.a(alt_irq_handler.o)
 .data          0x0000000000811e18        0x0 ../Lab2_CLI_Testing_bsp/\libhal_bsp.a(alt_exception_entry.o)
 .data          0x0000000000811e18        0x0 ../Lab2_CLI_Testing_bsp/\libhal_bsp.a(alt_instruction_exception_entry.o)
 .data          0x0000000000811e18        0x0 c:/software/altera/15.1/nios2eds/bin/gnu/h-x86_64-mingw32/bin/../lib/gcc/nios2-elf/4.9.2/../../../../../H-x86_64-mingw32/nios2-elf/lib\libc.a(lib_a-atexit.o)
 .data          0x0000000000811e18        0x0 c:/software/altera/15.1/nios2eds/bin/gnu/h-x86_64-mingw32/bin/../lib/gcc/nios2-elf/4.9.2/../../../../../H-x86_64-mingw32/nios2-elf/lib\libc.a(lib_a-ctype_.o)
 .data          0x0000000000811e18        0x0 c:/software/altera/15.1/nios2eds/bin/gnu/h-x86_64-mingw32/bin/../lib/gcc/nios2-elf/4.9.2/../../../../../H-x86_64-mingw32/nios2-elf/lib\libc.a(lib_a-exit.o)
 .data          0x0000000000811e18        0x0 c:/software/altera/15.1/nios2eds/bin/gnu/h-x86_64-mingw32/bin/../lib/gcc/nios2-elf/4.9.2/../../../../../H-x86_64-mingw32/nios2-elf/lib\libc.a(lib_a-memcmp.o)
 .data          0x0000000000811e18        0x0 c:/software/altera/15.1/nios2eds/bin/gnu/h-x86_64-mingw32/bin/../lib/gcc/nios2-elf/4.9.2/../../../../../H-x86_64-mingw32/nios2-elf/lib\libc.a(lib_a-__atexit.o)
 .data          0x0000000000811e18        0x0 c:/software/altera/15.1/nios2eds/bin/gnu/h-x86_64-mingw32/bin/../lib/gcc/nios2-elf/4.9.2/../../../../../H-x86_64-mingw32/nios2-elf/lib\libc.a(lib_a-__call_atexit.o)
 .data          0x0000000000811e18        0x0 ../Lab2_CLI_Testing_bsp/\libhal_bsp.a(alt_exit.o)
                0x0000000000819e18                _gp = ABSOLUTE ((. + 0x8000))
                0x0000000000819e18                PROVIDE (gp, _gp)
 *(.rwdata .rwdata.*)
 *(.sdata .sdata.* .gnu.linkonce.s.*)
 .sdata         0x0000000000811e18        0x1 obj/default/fatfs_diskio.o
 .sdata         0x0000000000811e19        0x4 obj/default/hello_world.o
 *fill*         0x0000000000811e1d        0x3 
 .sdata._global_impure_ptr
                0x0000000000811e20        0x4 c:/software/altera/15.1/nios2eds/bin/gnu/h-x86_64-mingw32/bin/../lib/gcc/nios2-elf/4.9.2/../../../../../H-x86_64-mingw32/nios2-elf/lib\libc.a(lib_a-impure.o)
                0x0000000000811e20                _global_impure_ptr
 .sdata._impure_ptr
                0x0000000000811e24        0x4 c:/software/altera/15.1/nios2eds/bin/gnu/h-x86_64-mingw32/bin/../lib/gcc/nios2-elf/4.9.2/../../../../../H-x86_64-mingw32/nios2-elf/lib\libc.a(lib_a-impure.o)
                0x0000000000811e24                _impure_ptr
 .sdata.__malloc_sbrk_base
                0x0000000000811e28        0x4 c:/software/altera/15.1/nios2eds/bin/gnu/h-x86_64-mingw32/bin/../lib/gcc/nios2-elf/4.9.2/../../../../../H-x86_64-mingw32/nios2-elf/lib\libc.a(lib_a-mallocr.o)
                0x0000000000811e28                __malloc_sbrk_base
 .sdata.__malloc_trim_threshold
                0x0000000000811e2c        0x4 c:/software/altera/15.1/nios2eds/bin/gnu/h-x86_64-mingw32/bin/../lib/gcc/nios2-elf/4.9.2/../../../../../H-x86_64-mingw32/nios2-elf/lib\libc.a(lib_a-mallocr.o)
                0x0000000000811e2c                __malloc_trim_threshold
 .sdata         0x0000000000811e30       0x14 ../Lab2_CLI_Testing_bsp/\libhal_bsp.a(alt_dev.o)
                0x0000000000811e30                alt_fs_list
                0x0000000000811e38                alt_dev_list
                0x0000000000811e40                alt_max_fd
 .sdata         0x0000000000811e44        0x4 ../Lab2_CLI_Testing_bsp/\libhal_bsp.a(alt_errno.o)
                0x0000000000811e44                alt_errno
 .sdata         0x0000000000811e48        0x4 ../Lab2_CLI_Testing_bsp/\libhal_bsp.a(alt_sbrk.o)
 .sdata         0x0000000000811e4c        0x8 ../Lab2_CLI_Testing_bsp/\libhal_bsp.a(alt_tick.o)
                0x0000000000811e4c                alt_alarm_list
 .sdata         0x0000000000811e54        0x4 ../Lab2_CLI_Testing_bsp/\libhal_bsp.a(altera_avalon_lcd_16207.o)
 .sdata         0x0000000000811e58        0x4 ../Lab2_CLI_Testing_bsp/\libhal_bsp.a(alt_irq_vars.o)
                0x0000000000811e58                alt_priority_mask
 .sdata.__ctype_ptr__
                0x0000000000811e5c        0x4 c:/software/altera/15.1/nios2eds/bin/gnu/h-x86_64-mingw32/bin/../lib/gcc/nios2-elf/4.9.2/../../../../../H-x86_64-mingw32/nios2-elf/lib\libc.a(lib_a-ctype_.o)
                0x0000000000811e5c                __ctype_ptr__
 *(.sdata2 .sdata2.* .gnu.linkonce.s2.*)
                0x0000000000811e60                . = ALIGN (0x4)
                0x0000000000811e60                _edata = ABSOLUTE (.)
                0x0000000000811e60                PROVIDE (edata, ABSOLUTE (.))
                0x0000000000811e60                PROVIDE (__ram_rwdata_end, ABSOLUTE (.))
                0x0000000000811e60                PROVIDE (__flash_rwdata_start, LOADADDR (.rwdata))

.bss            0x0000000000812aec     0x2940
                0x0000000000812aec                __bss_start = ABSOLUTE (.)
                0x0000000000812aec                PROVIDE (__sbss_start, ABSOLUTE (.))
                0x0000000000812aec                PROVIDE (___sbss_start, ABSOLUTE (.))
 *(.dynsbss)
 *(.sbss .sbss.* .gnu.linkonce.sb.*)
 .sbss          0x0000000000812aec       0x10 obj/default/fatfs_diskio.o
 .sbss          0x0000000000812afc        0x8 obj/default/ff.o
 .sbss          0x0000000000812b04        0x8 obj/default/hello_world.o
 .sbss          0x0000000000812b0c        0x8 obj/default/hello_world.o
                0x0000000000812b0c                acc_dirs
                0x0000000000812b0e                acc_files
                0x0000000000812b10                acc_size
 .sbss.__malloc_max_total_mem
                0x0000000000812b14        0x4 c:/software/altera/15.1/nios2eds/bin/gnu/h-x86_64-mingw32/bin/../lib/gcc/nios2-elf/4.9.2/../../../../../H-x86_64-mingw32/nios2-elf/lib\libc.a(lib_a-mallocr.o)
                0x0000000000812b14                __malloc_max_total_mem
 .sbss.__malloc_max_sbrked_mem
                0x0000000000812b18        0x4 c:/software/altera/15.1/nios2eds/bin/gnu/h-x86_64-mingw32/bin/../lib/gcc/nios2-elf/4.9.2/../../../../../H-x86_64-mingw32/nios2-elf/lib\libc.a(lib_a-mallocr.o)
                0x0000000000812b18                __malloc_max_sbrked_mem
 .sbss.__malloc_top_pad
                0x0000000000812b1c        0x4 c:/software/altera/15.1/nios2eds/bin/gnu/h-x86_64-mingw32/bin/../lib/gcc/nios2-elf/4.9.2/../../../../../H-x86_64-mingw32/nios2-elf/lib\libc.a(lib_a-mallocr.o)
                0x0000000000812b1c                __malloc_top_pad
 .sbss          0x0000000000812b20        0x4 c:/software/altera/15.1/nios2eds/bin/gnu/h-x86_64-mingw32/bin/../lib/gcc/nios2-elf/4.9.2/../../../../../H-x86_64-mingw32/nios2-elf/lib\libc.a(lib_a-int_errno.o)
                0x0000000000812b20                errno
 .sbss          0x0000000000812b24        0xc ../Lab2_CLI_Testing_bsp/\libhal_bsp.a(alt_main.o)
                0x0000000000812b24                alt_argc
                0x0000000000812b28                alt_argv
                0x0000000000812b2c                alt_envp
 .sbss          0x0000000000812b30        0x8 ../Lab2_CLI_Testing_bsp/\libhal_bsp.a(alt_tick.o)
                0x0000000000812b30                _alt_tick_rate
                0x0000000000812b34                _alt_nticks
 .sbss          0x0000000000812b38        0x4 ../Lab2_CLI_Testing_bsp/\libhal_bsp.a(alt_irq_vars.o)
                0x0000000000812b38                alt_irq_active
 .sbss          0x0000000000812b3c        0x4 ../Lab2_CLI_Testing_bsp/\libhal_bsp.a(alt_instruction_exception_entry.o)
                0x0000000000812b3c                alt_instruction_exception_handler
 *(.sbss2 .sbss2.* .gnu.linkonce.sb2.*)
 *(.scommon)
                0x0000000000812b40                PROVIDE (__sbss_end, ABSOLUTE (.))
                0x0000000000812b40                PROVIDE (___sbss_end, ABSOLUTE (.))
 *(.dynbss)
 *(.bss .bss.* .gnu.linkonce.b.*)
 .bss           0x0000000000812b40        0x0 ../Lab2_CLI_Testing_bsp//obj/HAL/src/crt0.o
 .bss           0x0000000000812b40        0x0 obj/default/fatfs.o
 .bss           0x0000000000812b40        0x0 obj/default/fatfs_diskio.o
 .bss           0x0000000000812b40        0x0 obj/default/fatfs_nios2_de0_nano_spi.o
 .bss           0x0000000000812b40        0x0 obj/default/fatfs_nios2_de1_pio.o
 .bss           0x0000000000812b40        0x0 obj/default/fatfs_nios2_de1_spi.o
 .bss           0x0000000000812b40        0x0 obj/default/ff.o
 .bss           0x0000000000812b40       0x18 obj/default/hello_world.o
 .bss           0x0000000000812b58        0x0 obj/default/monitor.o
 .bss           0x0000000000812b58        0x0 obj/default/uart_nios2.o
 .bss           0x0000000000812b58        0x0 c:/software/altera/15.1/nios2eds/bin/gnu/h-x86_64-mingw32/bin/../lib/gcc/nios2-elf/4.9.2\libgcc.a(lib2-divmod.o)
 .bss           0x0000000000812b58        0x0 c:/software/altera/15.1/nios2eds/bin/gnu/h-x86_64-mingw32/bin/../lib/gcc/nios2-elf/4.9.2/../../../../../H-x86_64-mingw32/nios2-elf/lib\libc.a(lib_a-getc.o)
 .bss           0x0000000000812b58        0x0 c:/software/altera/15.1/nios2eds/bin/gnu/h-x86_64-mingw32/bin/../lib/gcc/nios2-elf/4.9.2/../../../../../H-x86_64-mingw32/nios2-elf/lib\libc.a(lib_a-impure.o)
 .bss           0x0000000000812b58        0x0 c:/software/altera/15.1/nios2eds/bin/gnu/h-x86_64-mingw32/bin/../lib/gcc/nios2-elf/4.9.2/../../../../../H-x86_64-mingw32/nios2-elf/lib\libc.a(lib_a-memcpy.o)
 .bss           0x0000000000812b58        0x0 c:/software/altera/15.1/nios2eds/bin/gnu/h-x86_64-mingw32/bin/../lib/gcc/nios2-elf/4.9.2/../../../../../H-x86_64-mingw32/nios2-elf/lib\libc.a(lib_a-memset.o)
 .bss           0x0000000000812b58        0x0 c:/software/altera/15.1/nios2eds/bin/gnu/h-x86_64-mingw32/bin/../lib/gcc/nios2-elf/4.9.2/../../../../../H-x86_64-mingw32/nios2-elf/lib\libc.a(lib_a-putchar.o)
 .bss           0x0000000000812b58        0x0 c:/software/altera/15.1/nios2eds/bin/gnu/h-x86_64-mingw32/bin/../lib/gcc/nios2-elf/4.9.2/../../../../../H-x86_64-mingw32/nios2-elf/lib\libc.a(lib_a-rget.o)
 .bss           0x0000000000812b58        0x0 c:/software/altera/15.1/nios2eds/bin/gnu/h-x86_64-mingw32/bin/../lib/gcc/nios2-elf/4.9.2/../../../../../H-x86_64-mingw32/nios2-elf/lib\libc.a(lib_a-strcpy.o)
 .bss           0x0000000000812b58        0x0 c:/software/altera/15.1/nios2eds/bin/gnu/h-x86_64-mingw32/bin/../lib/gcc/nios2-elf/4.9.2/../../../../../H-x86_64-mingw32/nios2-elf/lib\libc.a(lib_a-strlen.o)
 .bss           0x0000000000812b58        0x0 c:/software/altera/15.1/nios2eds/bin/gnu/h-x86_64-mingw32/bin/../lib/gcc/nios2-elf/4.9.2/../../../../../H-x86_64-mingw32/nios2-elf/lib\libc.a(lib_a-findfp.o)
 .bss           0x0000000000812b58        0x0 c:/software/altera/15.1/nios2eds/bin/gnu/h-x86_64-mingw32/bin/../lib/gcc/nios2-elf/4.9.2/../../../../../H-x86_64-mingw32/nios2-elf/lib\libc.a(lib_a-fwalk.o)
 .bss           0x0000000000812b58        0x0 c:/software/altera/15.1/nios2eds/bin/gnu/h-x86_64-mingw32/bin/../lib/gcc/nios2-elf/4.9.2/../../../../../H-x86_64-mingw32/nios2-elf/lib\libc.a(lib_a-mallocr.o)
 .bss.__malloc_current_mallinfo
                0x0000000000812b58       0x28 c:/software/altera/15.1/nios2eds/bin/gnu/h-x86_64-mingw32/bin/../lib/gcc/nios2-elf/4.9.2/../../../../../H-x86_64-mingw32/nios2-elf/lib\libc.a(lib_a-mallocr.o)
                0x0000000000812b58                __malloc_current_mallinfo
 .bss           0x0000000000812b80        0x0 c:/software/altera/15.1/nios2eds/bin/gnu/h-x86_64-mingw32/bin/../lib/gcc/nios2-elf/4.9.2/../../../../../H-x86_64-mingw32/nios2-elf/lib\libc.a(lib_a-putc.o)
 .bss           0x0000000000812b80        0x0 c:/software/altera/15.1/nios2eds/bin/gnu/h-x86_64-mingw32/bin/../lib/gcc/nios2-elf/4.9.2/../../../../../H-x86_64-mingw32/nios2-elf/lib\libc.a(lib_a-refill.o)
 .bss           0x0000000000812b80        0x0 c:/software/altera/15.1/nios2eds/bin/gnu/h-x86_64-mingw32/bin/../lib/gcc/nios2-elf/4.9.2/../../../../../H-x86_64-mingw32/nios2-elf/lib\libc.a(lib_a-sbrkr.o)
 .bss           0x0000000000812b80        0x0 c:/software/altera/15.1/nios2eds/bin/gnu/h-x86_64-mingw32/bin/../lib/gcc/nios2-elf/4.9.2/../../../../../H-x86_64-mingw32/nios2-elf/lib\libc.a(lib_a-stdio.o)
 .bss           0x0000000000812b80        0x0 c:/software/altera/15.1/nios2eds/bin/gnu/h-x86_64-mingw32/bin/../lib/gcc/nios2-elf/4.9.2/../../../../../H-x86_64-mingw32/nios2-elf/lib\libc.a(lib_a-wbuf.o)
 .bss           0x0000000000812b80        0x0 c:/software/altera/15.1/nios2eds/bin/gnu/h-x86_64-mingw32/bin/../lib/gcc/nios2-elf/4.9.2/../../../../../H-x86_64-mingw32/nios2-elf/lib\libc.a(lib_a-writer.o)
 .bss           0x0000000000812b80        0x0 c:/software/altera/15.1/nios2eds/bin/gnu/h-x86_64-mingw32/bin/../lib/gcc/nios2-elf/4.9.2/../../../../../H-x86_64-mingw32/nios2-elf/lib\libc.a(lib_a-wsetup.o)
 .bss           0x0000000000812b80        0x0 c:/software/altera/15.1/nios2eds/bin/gnu/h-x86_64-mingw32/bin/../lib/gcc/nios2-elf/4.9.2/../../../../../H-x86_64-mingw32/nios2-elf/lib\libc.a(closer.o)
 .bss           0x0000000000812b80        0x0 c:/software/altera/15.1/nios2eds/bin/gnu/h-x86_64-mingw32/bin/../lib/gcc/nios2-elf/4.9.2/../../../../../H-x86_64-mingw32/nios2-elf/lib\libc.a(lib_a-fclose.o)
 .bss           0x0000000000812b80        0x0 c:/software/altera/15.1/nios2eds/bin/gnu/h-x86_64-mingw32/bin/../lib/gcc/nios2-elf/4.9.2/../../../../../H-x86_64-mingw32/nios2-elf/lib\libc.a(lib_a-fflush.o)
 .bss           0x0000000000812b80        0x0 c:/software/altera/15.1/nios2eds/bin/gnu/h-x86_64-mingw32/bin/../lib/gcc/nios2-elf/4.9.2/../../../../../H-x86_64-mingw32/nios2-elf/lib\libc.a(lib_a-freer.o)
 .bss           0x0000000000812b80        0x0 c:/software/altera/15.1/nios2eds/bin/gnu/h-x86_64-mingw32/bin/../lib/gcc/nios2-elf/4.9.2/../../../../../H-x86_64-mingw32/nios2-elf/lib\libc.a(lib_a-int_errno.o)
 .bss           0x0000000000812b80        0x0 c:/software/altera/15.1/nios2eds/bin/gnu/h-x86_64-mingw32/bin/../lib/gcc/nios2-elf/4.9.2/../../../../../H-x86_64-mingw32/nios2-elf/lib\libc.a(lib_a-lseekr.o)
 .bss           0x0000000000812b80        0x0 c:/software/altera/15.1/nios2eds/bin/gnu/h-x86_64-mingw32/bin/../lib/gcc/nios2-elf/4.9.2/../../../../../H-x86_64-mingw32/nios2-elf/lib\libc.a(lib_a-makebuf.o)
 .bss           0x0000000000812b80        0x0 c:/software/altera/15.1/nios2eds/bin/gnu/h-x86_64-mingw32/bin/../lib/gcc/nios2-elf/4.9.2/../../../../../H-x86_64-mingw32/nios2-elf/lib\libc.a(lib_a-readr.o)
 .bss           0x0000000000812b80        0x0 c:/software/altera/15.1/nios2eds/bin/gnu/h-x86_64-mingw32/bin/../lib/gcc/nios2-elf/4.9.2/../../../../../H-x86_64-mingw32/nios2-elf/lib\libc.a(lib_a-fstatr.o)
 .bss           0x0000000000812b80        0x0 c:/software/altera/15.1/nios2eds/bin/gnu/h-x86_64-mingw32/bin/../lib/gcc/nios2-elf/4.9.2/../../../../../H-x86_64-mingw32/nios2-elf/lib\libc.a(lib_a-isattyr.o)
 .bss           0x0000000000812b80        0x0 ../Lab2_CLI_Testing_bsp/\libhal_bsp.a(alt_alarm_start.o)
 .bss           0x0000000000812b80        0x0 ../Lab2_CLI_Testing_bsp/\libhal_bsp.a(alt_close.o)
 .bss           0x0000000000812b80        0x0 ../Lab2_CLI_Testing_bsp/\libhal_bsp.a(alt_dev.o)
 .bss           0x0000000000812b80        0x0 ../Lab2_CLI_Testing_bsp/\libhal_bsp.a(alt_errno.o)
 .bss           0x0000000000812b80        0x0 ../Lab2_CLI_Testing_bsp/\libhal_bsp.a(alt_fstat.o)
 .bss           0x0000000000812b80        0x0 ../Lab2_CLI_Testing_bsp/\libhal_bsp.a(alt_isatty.o)
 .bss           0x0000000000812b80        0x0 ../Lab2_CLI_Testing_bsp/\libhal_bsp.a(alt_load.o)
 .bss           0x0000000000812b80        0x0 ../Lab2_CLI_Testing_bsp/\libhal_bsp.a(alt_lseek.o)
 .bss           0x0000000000812b80        0x0 ../Lab2_CLI_Testing_bsp/\libhal_bsp.a(alt_main.o)
 .bss           0x0000000000812b80        0x0 ../Lab2_CLI_Testing_bsp/\libhal_bsp.a(alt_malloc_lock.o)
 .bss           0x0000000000812b80        0x0 ../Lab2_CLI_Testing_bsp/\libhal_bsp.a(alt_printf.o)
 .bss           0x0000000000812b80        0x0 ../Lab2_CLI_Testing_bsp/\libhal_bsp.a(alt_putchar.o)
 .bss           0x0000000000812b80        0x0 ../Lab2_CLI_Testing_bsp/\libhal_bsp.a(alt_read.o)
 .bss           0x0000000000812b80        0x0 ../Lab2_CLI_Testing_bsp/\libhal_bsp.a(alt_release_fd.o)
 .bss           0x0000000000812b80        0x0 ../Lab2_CLI_Testing_bsp/\libhal_bsp.a(alt_sbrk.o)
 .bss           0x0000000000812b80        0x0 ../Lab2_CLI_Testing_bsp/\libhal_bsp.a(alt_tick.o)
 .bss           0x0000000000812b80        0x0 ../Lab2_CLI_Testing_bsp/\libhal_bsp.a(alt_write.o)
 .bss           0x0000000000812b80        0x0 ../Lab2_CLI_Testing_bsp/\libhal_bsp.a(alt_sys_init.o)
 .bss           0x0000000000812b80        0x0 ../Lab2_CLI_Testing_bsp/\libhal_bsp.a(altera_avalon_jtag_uart_fd.o)
 .bss           0x0000000000812b80        0x0 ../Lab2_CLI_Testing_bsp/\libhal_bsp.a(altera_avalon_jtag_uart_read.o)
 .bss           0x0000000000812b80        0x0 ../Lab2_CLI_Testing_bsp/\libhal_bsp.a(altera_avalon_jtag_uart_write.o)
 .bss           0x0000000000812b80        0x0 ../Lab2_CLI_Testing_bsp/\libhal_bsp.a(altera_avalon_lcd_16207.o)
 .bss           0x0000000000812b80        0x0 ../Lab2_CLI_Testing_bsp/\libhal_bsp.a(altera_avalon_lcd_16207_fd.o)
 .bss           0x0000000000812b80        0x0 ../Lab2_CLI_Testing_bsp/\libhal_bsp.a(altera_avalon_uart_fd.o)
 .bss           0x0000000000812b80        0x0 ../Lab2_CLI_Testing_bsp/\libhal_bsp.a(altera_avalon_uart_init.o)
 .bss           0x0000000000812b80        0x0 ../Lab2_CLI_Testing_bsp/\libhal_bsp.a(altera_avalon_uart_read.o)
 .bss           0x0000000000812b80        0x0 ../Lab2_CLI_Testing_bsp/\libhal_bsp.a(altera_avalon_uart_write.o)
 .bss           0x0000000000812b80        0x0 ../Lab2_CLI_Testing_bsp/\libhal_bsp.a(altera_up_avalon_audio.o)
 .bss           0x0000000000812b80        0x0 ../Lab2_CLI_Testing_bsp/\libhal_bsp.a(alt_dcache_flush_all.o)
 .bss           0x0000000000812b80        0x0 ../Lab2_CLI_Testing_bsp/\libhal_bsp.a(alt_dev_llist_insert.o)
 .bss           0x0000000000812b80        0x0 ../Lab2_CLI_Testing_bsp/\libhal_bsp.a(alt_do_ctors.o)
 .bss           0x0000000000812b80        0x0 ../Lab2_CLI_Testing_bsp/\libhal_bsp.a(alt_do_dtors.o)
 .bss           0x0000000000812b80        0x0 ../Lab2_CLI_Testing_bsp/\libhal_bsp.a(alt_find_dev.o)
 .bss           0x0000000000812b80        0x0 ../Lab2_CLI_Testing_bsp/\libhal_bsp.a(alt_icache_flush_all.o)
 .bss           0x0000000000812b80        0x0 ../Lab2_CLI_Testing_bsp/\libhal_bsp.a(alt_io_redirect.o)
 .bss           0x0000000000812b80        0x0 ../Lab2_CLI_Testing_bsp/\libhal_bsp.a(alt_irq_register.o)
 .bss           0x0000000000812b80        0x0 ../Lab2_CLI_Testing_bsp/\libhal_bsp.a(alt_irq_vars.o)
 .bss           0x0000000000812b80        0x0 ../Lab2_CLI_Testing_bsp/\libhal_bsp.a(alt_open.o)
 .bss           0x0000000000812b80        0x0 ../Lab2_CLI_Testing_bsp/\libhal_bsp.a(alt_usleep.o)
 .bss           0x0000000000812b80        0x0 ../Lab2_CLI_Testing_bsp/\libhal_bsp.a(altera_nios2_gen2_irq.o)
 .bss           0x0000000000812b80        0x0 ../Lab2_CLI_Testing_bsp/\libhal_bsp.a(alt_busy_sleep.o)
 .bss           0x0000000000812b80        0x0 ../Lab2_CLI_Testing_bsp/\libhal_bsp.a(alt_find_file.o)
 .bss           0x0000000000812b80        0x0 ../Lab2_CLI_Testing_bsp/\libhal_bsp.a(alt_get_fd.o)
 .bss           0x0000000000812b80        0x0 ../Lab2_CLI_Testing_bsp/\libhal_bsp.a(alt_icache_flush.o)
 .bss           0x0000000000812b80        0x0 ../Lab2_CLI_Testing_bsp/\libhal_bsp.a(alt_irq_entry.o)
 .bss           0x0000000000812b80        0x0 ../Lab2_CLI_Testing_bsp/\libhal_bsp.a(alt_irq_handler.o)
 .bss           0x0000000000812b80        0x0 ../Lab2_CLI_Testing_bsp/\libhal_bsp.a(alt_exception_entry.o)
 .bss           0x0000000000812b80        0x0 ../Lab2_CLI_Testing_bsp/\libhal_bsp.a(alt_instruction_exception_entry.o)
 .bss           0x0000000000812b80        0x0 c:/software/altera/15.1/nios2eds/bin/gnu/h-x86_64-mingw32/bin/../lib/gcc/nios2-elf/4.9.2/../../../../../H-x86_64-mingw32/nios2-elf/lib\libc.a(lib_a-atexit.o)
 .bss           0x0000000000812b80        0x0 c:/software/altera/15.1/nios2eds/bin/gnu/h-x86_64-mingw32/bin/../lib/gcc/nios2-elf/4.9.2/../../../../../H-x86_64-mingw32/nios2-elf/lib\libc.a(lib_a-ctype_.o)
 .bss           0x0000000000812b80        0x0 c:/software/altera/15.1/nios2eds/bin/gnu/h-x86_64-mingw32/bin/../lib/gcc/nios2-elf/4.9.2/../../../../../H-x86_64-mingw32/nios2-elf/lib\libc.a(lib_a-exit.o)
 .bss           0x0000000000812b80        0x0 c:/software/altera/15.1/nios2eds/bin/gnu/h-x86_64-mingw32/bin/../lib/gcc/nios2-elf/4.9.2/../../../../../H-x86_64-mingw32/nios2-elf/lib\libc.a(lib_a-memcmp.o)
 .bss           0x0000000000812b80        0x0 c:/software/altera/15.1/nios2eds/bin/gnu/h-x86_64-mingw32/bin/../lib/gcc/nios2-elf/4.9.2/../../../../../H-x86_64-mingw32/nios2-elf/lib\libc.a(lib_a-__atexit.o)
 .bss           0x0000000000812b80        0x0 c:/software/altera/15.1/nios2eds/bin/gnu/h-x86_64-mingw32/bin/../lib/gcc/nios2-elf/4.9.2/../../../../../H-x86_64-mingw32/nios2-elf/lib\libc.a(lib_a-__call_atexit.o)
 .bss           0x0000000000812b80        0x0 ../Lab2_CLI_Testing_bsp/\libhal_bsp.a(alt_exit.o)
 *(COMMON)
 COMMON         0x0000000000812b80     0x27ac obj/default/hello_world.o
                0x0000000000812b80                Fatfs
                0x0000000000812db0                File1
                0x0000000000812fd4                Finfo
                0x0000000000812fec                Buff
                0x0000000000814fec                File2
                0x0000000000815210                Dir
                0x000000000081522c                Line
 COMMON         0x000000000081532c      0x100 ../Lab2_CLI_Testing_bsp/\libhal_bsp.a(alt_irq_handler.o)
                0x000000000081532c                alt_irq
                0x000000000081542c                . = ALIGN (0x4)
                0x000000000081542c                __bss_end = ABSOLUTE (.)

.sdram_0        0x000000000081542c        0x0
                0x000000000081542c                PROVIDE (_alt_partition_sdram_0_start, ABSOLUTE (.))
 *(.sdram_0 .sdram_0. sdram_0.*)
                0x000000000081542c                . = ALIGN (0x4)
                0x000000000081542c                PROVIDE (_alt_partition_sdram_0_end, ABSOLUTE (.))
                0x000000000081542c                _end = ABSOLUTE (.)
                0x000000000081542c                end = ABSOLUTE (.)
                0x000000000081542c                __alt_stack_base = ABSOLUTE (.)
                0x000000000081542c                PROVIDE (_alt_partition_sdram_0_load_addr, LOADADDR (.sdram_0))

.stab
 *(.stab)

.stabstr
 *(.stabstr)

.stab.excl
 *(.stab.excl)

.stab.exclstr
 *(.stab.exclstr)

.stab.index
 *(.stab.index)

.stab.indexstr
 *(.stab.indexstr)

.comment        0x0000000000000000       0x23
 *(.comment)
 .comment       0x0000000000000000       0x23 obj/default/fatfs.o
                                         0x24 (size before relaxing)
 .comment       0x0000000000000000       0x24 obj/default/fatfs_diskio.o
 .comment       0x0000000000000000       0x24 obj/default/fatfs_nios2_de0_nano_spi.o
 .comment       0x0000000000000000       0x24 obj/default/fatfs_nios2_de1_pio.o
 .comment       0x0000000000000000       0x24 obj/default/fatfs_nios2_de1_spi.o
 .comment       0x0000000000000000       0x24 obj/default/ff.o
 .comment       0x0000000000000000       0x24 obj/default/hello_world.o
 .comment       0x0000000000000000       0x24 obj/default/monitor.o
 .comment       0x0000000000000000       0x24 obj/default/uart_nios2.o
 .comment       0x0000000000000000       0x24 c:/software/altera/15.1/nios2eds/bin/gnu/h-x86_64-mingw32/bin/../lib/gcc/nios2-elf/4.9.2\libgcc.a(lib2-divmod.o)
 .comment       0x0000000000000000       0x24 c:/software/altera/15.1/nios2eds/bin/gnu/h-x86_64-mingw32/bin/../lib/gcc/nios2-elf/4.9.2/../../../../../H-x86_64-mingw32/nios2-elf/lib\libc.a(lib_a-getc.o)
 .comment       0x0000000000000000       0x24 c:/software/altera/15.1/nios2eds/bin/gnu/h-x86_64-mingw32/bin/../lib/gcc/nios2-elf/4.9.2/../../../../../H-x86_64-mingw32/nios2-elf/lib\libc.a(lib_a-impure.o)
 .comment       0x0000000000000000       0x24 c:/software/altera/15.1/nios2eds/bin/gnu/h-x86_64-mingw32/bin/../lib/gcc/nios2-elf/4.9.2/../../../../../H-x86_64-mingw32/nios2-elf/lib\libc.a(lib_a-memcpy.o)
 .comment       0x0000000000000000       0x24 c:/software/altera/15.1/nios2eds/bin/gnu/h-x86_64-mingw32/bin/../lib/gcc/nios2-elf/4.9.2/../../../../../H-x86_64-mingw32/nios2-elf/lib\libc.a(lib_a-memset.o)
 .comment       0x0000000000000000       0x24 c:/software/altera/15.1/nios2eds/bin/gnu/h-x86_64-mingw32/bin/../lib/gcc/nios2-elf/4.9.2/../../../../../H-x86_64-mingw32/nios2-elf/lib\libc.a(lib_a-putchar.o)
 .comment       0x0000000000000000       0x24 c:/software/altera/15.1/nios2eds/bin/gnu/h-x86_64-mingw32/bin/../lib/gcc/nios2-elf/4.9.2/../../../../../H-x86_64-mingw32/nios2-elf/lib\libc.a(lib_a-rget.o)
 .comment       0x0000000000000000       0x24 c:/software/altera/15.1/nios2eds/bin/gnu/h-x86_64-mingw32/bin/../lib/gcc/nios2-elf/4.9.2/../../../../../H-x86_64-mingw32/nios2-elf/lib\libc.a(lib_a-strcpy.o)
 .comment       0x0000000000000000       0x24 c:/software/altera/15.1/nios2eds/bin/gnu/h-x86_64-mingw32/bin/../lib/gcc/nios2-elf/4.9.2/../../../../../H-x86_64-mingw32/nios2-elf/lib\libc.a(lib_a-strlen.o)
 .comment       0x0000000000000000       0x24 c:/software/altera/15.1/nios2eds/bin/gnu/h-x86_64-mingw32/bin/../lib/gcc/nios2-elf/4.9.2/../../../../../H-x86_64-mingw32/nios2-elf/lib\libc.a(lib_a-findfp.o)
 .comment       0x0000000000000000       0x24 c:/software/altera/15.1/nios2eds/bin/gnu/h-x86_64-mingw32/bin/../lib/gcc/nios2-elf/4.9.2/../../../../../H-x86_64-mingw32/nios2-elf/lib\libc.a(lib_a-fwalk.o)
 .comment       0x0000000000000000       0x24 c:/software/altera/15.1/nios2eds/bin/gnu/h-x86_64-mingw32/bin/../lib/gcc/nios2-elf/4.9.2/../../../../../H-x86_64-mingw32/nios2-elf/lib\libc.a(lib_a-mallocr.o)
 .comment       0x0000000000000000       0x24 c:/software/altera/15.1/nios2eds/bin/gnu/h-x86_64-mingw32/bin/../lib/gcc/nios2-elf/4.9.2/../../../../../H-x86_64-mingw32/nios2-elf/lib\libc.a(lib_a-putc.o)
 .comment       0x0000000000000000       0x24 c:/software/altera/15.1/nios2eds/bin/gnu/h-x86_64-mingw32/bin/../lib/gcc/nios2-elf/4.9.2/../../../../../H-x86_64-mingw32/nios2-elf/lib\libc.a(lib_a-refill.o)
 .comment       0x0000000000000000       0x24 c:/software/altera/15.1/nios2eds/bin/gnu/h-x86_64-mingw32/bin/../lib/gcc/nios2-elf/4.9.2/../../../../../H-x86_64-mingw32/nios2-elf/lib\libc.a(lib_a-sbrkr.o)
 .comment       0x0000000000000000       0x24 c:/software/altera/15.1/nios2eds/bin/gnu/h-x86_64-mingw32/bin/../lib/gcc/nios2-elf/4.9.2/../../../../../H-x86_64-mingw32/nios2-elf/lib\libc.a(lib_a-stdio.o)
 .comment       0x0000000000000000       0x24 c:/software/altera/15.1/nios2eds/bin/gnu/h-x86_64-mingw32/bin/../lib/gcc/nios2-elf/4.9.2/../../../../../H-x86_64-mingw32/nios2-elf/lib\libc.a(lib_a-wbuf.o)
 .comment       0x0000000000000000       0x24 c:/software/altera/15.1/nios2eds/bin/gnu/h-x86_64-mingw32/bin/../lib/gcc/nios2-elf/4.9.2/../../../../../H-x86_64-mingw32/nios2-elf/lib\libc.a(lib_a-writer.o)
 .comment       0x0000000000000000       0x24 c:/software/altera/15.1/nios2eds/bin/gnu/h-x86_64-mingw32/bin/../lib/gcc/nios2-elf/4.9.2/../../../../../H-x86_64-mingw32/nios2-elf/lib\libc.a(lib_a-wsetup.o)
 .comment       0x0000000000000000       0x24 c:/software/altera/15.1/nios2eds/bin/gnu/h-x86_64-mingw32/bin/../lib/gcc/nios2-elf/4.9.2/../../../../../H-x86_64-mingw32/nios2-elf/lib\libc.a(closer.o)
 .comment       0x0000000000000000       0x24 c:/software/altera/15.1/nios2eds/bin/gnu/h-x86_64-mingw32/bin/../lib/gcc/nios2-elf/4.9.2/../../../../../H-x86_64-mingw32/nios2-elf/lib\libc.a(lib_a-fclose.o)
 .comment       0x0000000000000000       0x24 c:/software/altera/15.1/nios2eds/bin/gnu/h-x86_64-mingw32/bin/../lib/gcc/nios2-elf/4.9.2/../../../../../H-x86_64-mingw32/nios2-elf/lib\libc.a(lib_a-fflush.o)
 .comment       0x0000000000000000       0x24 c:/software/altera/15.1/nios2eds/bin/gnu/h-x86_64-mingw32/bin/../lib/gcc/nios2-elf/4.9.2/../../../../../H-x86_64-mingw32/nios2-elf/lib\libc.a(lib_a-freer.o)
 .comment       0x0000000000000000       0x24 c:/software/altera/15.1/nios2eds/bin/gnu/h-x86_64-mingw32/bin/../lib/gcc/nios2-elf/4.9.2/../../../../../H-x86_64-mingw32/nios2-elf/lib\libc.a(lib_a-int_errno.o)
 .comment       0x0000000000000000       0x24 c:/software/altera/15.1/nios2eds/bin/gnu/h-x86_64-mingw32/bin/../lib/gcc/nios2-elf/4.9.2/../../../../../H-x86_64-mingw32/nios2-elf/lib\libc.a(lib_a-lseekr.o)
 .comment       0x0000000000000000       0x24 c:/software/altera/15.1/nios2eds/bin/gnu/h-x86_64-mingw32/bin/../lib/gcc/nios2-elf/4.9.2/../../../../../H-x86_64-mingw32/nios2-elf/lib\libc.a(lib_a-makebuf.o)
 .comment       0x0000000000000000       0x24 c:/software/altera/15.1/nios2eds/bin/gnu/h-x86_64-mingw32/bin/../lib/gcc/nios2-elf/4.9.2/../../../../../H-x86_64-mingw32/nios2-elf/lib\libc.a(lib_a-readr.o)
 .comment       0x0000000000000000       0x24 c:/software/altera/15.1/nios2eds/bin/gnu/h-x86_64-mingw32/bin/../lib/gcc/nios2-elf/4.9.2/../../../../../H-x86_64-mingw32/nios2-elf/lib\libc.a(lib_a-fstatr.o)
 .comment       0x0000000000000000       0x24 c:/software/altera/15.1/nios2eds/bin/gnu/h-x86_64-mingw32/bin/../lib/gcc/nios2-elf/4.9.2/../../../../../H-x86_64-mingw32/nios2-elf/lib\libc.a(lib_a-isattyr.o)
 .comment       0x0000000000000000       0x24 ../Lab2_CLI_Testing_bsp/\libhal_bsp.a(alt_alarm_start.o)
 .comment       0x0000000000000000       0x24 ../Lab2_CLI_Testing_bsp/\libhal_bsp.a(alt_close.o)
 .comment       0x0000000000000000       0x24 ../Lab2_CLI_Testing_bsp/\libhal_bsp.a(alt_dev.o)
 .comment       0x0000000000000000       0x24 ../Lab2_CLI_Testing_bsp/\libhal_bsp.a(alt_errno.o)
 .comment       0x0000000000000000       0x24 ../Lab2_CLI_Testing_bsp/\libhal_bsp.a(alt_fstat.o)
 .comment       0x0000000000000000       0x24 ../Lab2_CLI_Testing_bsp/\libhal_bsp.a(alt_isatty.o)
 .comment       0x0000000000000000       0x24 ../Lab2_CLI_Testing_bsp/\libhal_bsp.a(alt_load.o)
 .comment       0x0000000000000000       0x24 ../Lab2_CLI_Testing_bsp/\libhal_bsp.a(alt_lseek.o)
 .comment       0x0000000000000000       0x24 ../Lab2_CLI_Testing_bsp/\libhal_bsp.a(alt_main.o)
 .comment       0x0000000000000000       0x24 ../Lab2_CLI_Testing_bsp/\libhal_bsp.a(alt_malloc_lock.o)
 .comment       0x0000000000000000       0x24 ../Lab2_CLI_Testing_bsp/\libhal_bsp.a(alt_printf.o)
 .comment       0x0000000000000000       0x24 ../Lab2_CLI_Testing_bsp/\libhal_bsp.a(alt_putchar.o)
 .comment       0x0000000000000000       0x24 ../Lab2_CLI_Testing_bsp/\libhal_bsp.a(alt_read.o)
 .comment       0x0000000000000000       0x24 ../Lab2_CLI_Testing_bsp/\libhal_bsp.a(alt_release_fd.o)
 .comment       0x0000000000000000       0x24 ../Lab2_CLI_Testing_bsp/\libhal_bsp.a(alt_sbrk.o)
 .comment       0x0000000000000000       0x24 ../Lab2_CLI_Testing_bsp/\libhal_bsp.a(alt_tick.o)
 .comment       0x0000000000000000       0x24 ../Lab2_CLI_Testing_bsp/\libhal_bsp.a(alt_write.o)
 .comment       0x0000000000000000       0x24 ../Lab2_CLI_Testing_bsp/\libhal_bsp.a(alt_sys_init.o)
 .comment       0x0000000000000000       0x24 ../Lab2_CLI_Testing_bsp/\libhal_bsp.a(altera_avalon_jtag_uart_fd.o)
 .comment       0x0000000000000000       0x24 ../Lab2_CLI_Testing_bsp/\libhal_bsp.a(altera_avalon_jtag_uart_read.o)
 .comment       0x0000000000000000       0x24 ../Lab2_CLI_Testing_bsp/\libhal_bsp.a(altera_avalon_jtag_uart_write.o)
 .comment       0x0000000000000000       0x24 ../Lab2_CLI_Testing_bsp/\libhal_bsp.a(altera_avalon_lcd_16207.o)
 .comment       0x0000000000000000       0x24 ../Lab2_CLI_Testing_bsp/\libhal_bsp.a(altera_avalon_lcd_16207_fd.o)
 .comment       0x0000000000000000       0x24 ../Lab2_CLI_Testing_bsp/\libhal_bsp.a(altera_avalon_uart_fd.o)
 .comment       0x0000000000000000       0x24 ../Lab2_CLI_Testing_bsp/\libhal_bsp.a(altera_avalon_uart_init.o)
 .comment       0x0000000000000000       0x24 ../Lab2_CLI_Testing_bsp/\libhal_bsp.a(altera_avalon_uart_read.o)
 .comment       0x0000000000000000       0x24 ../Lab2_CLI_Testing_bsp/\libhal_bsp.a(altera_avalon_uart_write.o)
 .comment       0x0000000000000000       0x24 ../Lab2_CLI_Testing_bsp/\libhal_bsp.a(altera_up_avalon_audio.o)
 .comment       0x0000000000000000       0x24 ../Lab2_CLI_Testing_bsp/\libhal_bsp.a(alt_dcache_flush_all.o)
 .comment       0x0000000000000000       0x24 ../Lab2_CLI_Testing_bsp/\libhal_bsp.a(alt_dev_llist_insert.o)
 .comment       0x0000000000000000       0x24 ../Lab2_CLI_Testing_bsp/\libhal_bsp.a(alt_do_ctors.o)
 .comment       0x0000000000000000       0x24 ../Lab2_CLI_Testing_bsp/\libhal_bsp.a(alt_do_dtors.o)
 .comment       0x0000000000000000       0x24 ../Lab2_CLI_Testing_bsp/\libhal_bsp.a(alt_find_dev.o)
 .comment       0x0000000000000000       0x24 ../Lab2_CLI_Testing_bsp/\libhal_bsp.a(alt_icache_flush_all.o)
 .comment       0x0000000000000000       0x24 ../Lab2_CLI_Testing_bsp/\libhal_bsp.a(alt_io_redirect.o)
 .comment       0x0000000000000000       0x24 ../Lab2_CLI_Testing_bsp/\libhal_bsp.a(alt_irq_register.o)
 .comment       0x0000000000000000       0x24 ../Lab2_CLI_Testing_bsp/\libhal_bsp.a(alt_irq_vars.o)
 .comment       0x0000000000000000       0x24 ../Lab2_CLI_Testing_bsp/\libhal_bsp.a(alt_open.o)
 .comment       0x0000000000000000       0x24 ../Lab2_CLI_Testing_bsp/\libhal_bsp.a(alt_usleep.o)
 .comment       0x0000000000000000       0x24 ../Lab2_CLI_Testing_bsp/\libhal_bsp.a(altera_nios2_gen2_irq.o)
 .comment       0x0000000000000000       0x24 ../Lab2_CLI_Testing_bsp/\libhal_bsp.a(alt_busy_sleep.o)
 .comment       0x0000000000000000       0x24 ../Lab2_CLI_Testing_bsp/\libhal_bsp.a(alt_find_file.o)
 .comment       0x0000000000000000       0x24 ../Lab2_CLI_Testing_bsp/\libhal_bsp.a(alt_get_fd.o)
 .comment       0x0000000000000000       0x24 ../Lab2_CLI_Testing_bsp/\libhal_bsp.a(alt_icache_flush.o)
 .comment       0x0000000000000000       0x24 ../Lab2_CLI_Testing_bsp/\libhal_bsp.a(alt_irq_handler.o)
 .comment       0x0000000000000000       0x24 ../Lab2_CLI_Testing_bsp/\libhal_bsp.a(alt_instruction_exception_entry.o)
 .comment       0x0000000000000000       0x24 c:/software/altera/15.1/nios2eds/bin/gnu/h-x86_64-mingw32/bin/../lib/gcc/nios2-elf/4.9.2/../../../../../H-x86_64-mingw32/nios2-elf/lib\libc.a(lib_a-atexit.o)
 .comment       0x0000000000000000       0x24 c:/software/altera/15.1/nios2eds/bin/gnu/h-x86_64-mingw32/bin/../lib/gcc/nios2-elf/4.9.2/../../../../../H-x86_64-mingw32/nios2-elf/lib\libc.a(lib_a-ctype_.o)
 .comment       0x0000000000000000       0x24 c:/software/altera/15.1/nios2eds/bin/gnu/h-x86_64-mingw32/bin/../lib/gcc/nios2-elf/4.9.2/../../../../../H-x86_64-mingw32/nios2-elf/lib\libc.a(lib_a-exit.o)
 .comment       0x0000000000000000       0x24 c:/software/altera/15.1/nios2eds/bin/gnu/h-x86_64-mingw32/bin/../lib/gcc/nios2-elf/4.9.2/../../../../../H-x86_64-mingw32/nios2-elf/lib\libc.a(lib_a-memcmp.o)
 .comment       0x0000000000000000       0x24 c:/software/altera/15.1/nios2eds/bin/gnu/h-x86_64-mingw32/bin/../lib/gcc/nios2-elf/4.9.2/../../../../../H-x86_64-mingw32/nios2-elf/lib\libc.a(lib_a-__atexit.o)
 .comment       0x0000000000000000       0x24 c:/software/altera/15.1/nios2eds/bin/gnu/h-x86_64-mingw32/bin/../lib/gcc/nios2-elf/4.9.2/../../../../../H-x86_64-mingw32/nios2-elf/lib\libc.a(lib_a-__call_atexit.o)
 .comment       0x0000000000000000       0x24 ../Lab2_CLI_Testing_bsp/\libhal_bsp.a(alt_exit.o)

.debug
 *(.debug)

.line
 *(.line)

.debug_srcinfo
 *(.debug_srcinfo)

.debug_sfnames
 *(.debug_sfnames)

.debug_aranges  0x0000000000000000      0xc50
 *(.debug_aranges)
 .debug_aranges
                0x0000000000000000       0x28 ../Lab2_CLI_Testing_bsp//obj/HAL/src/crt0.o
 .debug_aranges
                0x0000000000000028       0x20 obj/default/fatfs.o
 .debug_aranges
                0x0000000000000048       0x20 obj/default/fatfs_diskio.o
 .debug_aranges
                0x0000000000000068       0x20 obj/default/ff.o
 .debug_aranges
                0x0000000000000088       0x20 obj/default/hello_world.o
 .debug_aranges
                0x00000000000000a8       0x20 obj/default/monitor.o
 .debug_aranges
                0x00000000000000c8       0x20 obj/default/uart_nios2.o
 .debug_aranges